Product: MDK-ARM Lite 5.10
Component: ARM Compiler 5.04 update 1 (build 49)
Tool: armlink [5040049]

==============================================================================

Section Cross References

    main.o(.text) refers to serial_debug.o(.text) for init_serial_debug
    main.o(.text) refers to wireless_driver.o(.text) for wireless_init
    main.o(.text) refers to printf3.o(i.__0printf$3) for __2printf
    main.o(.text) refers to eeprom.o(.text) for eeprom_init
    main.o(.text) refers to lcd.o(.text) for lcd_config_gpio
    main.o(.text) refers to launchpad_io.o(.text) for lp_io_init
    main.o(.text) refers to ps2.o(.text) for ps2_initialize
    main.o(.text) refers to mcp23017.o(.text) for io_expander_init
    main.o(.text) refers to timers.o(.text) for timer0_init
    main.o(.text) refers to utils.o(.text) for eeprom_read_team_info
    main.o(.text) refers to game_ui.o(.text) for selection_sceen
    main.o(.text) refers to wireless.o(.text) for wireless_configure_device
    main.o(.text) refers to timers.o(.data) for ALERT_10MS
    main.o(.text) refers to main.o(.data) for group
    main.o(.text) refers to wireless.o(.data) for wireless_error_messages
    game_ui.o(.text) refers to memcpya.o(.text) for __aeabi_memcpy4
    game_ui.o(.text) refers to lcd.o(.text) for lcd_clear_screen
    game_ui.o(.text) refers to fonts.o(.text) for lcd_print_string
    game_ui.o(.text) refers to lcd_images.o(.constdata) for charmanderBitmaps
    utils.o(.text) refers to launchpad_io.o(.text) for lp_io_read_pin
    utils.o(.text) refers to mcp23017.o(.text) for io_expander_read_pin
    utils.o(.text) refers to printf3.o(i.__0printf$3) for __2printf
    utils.o(.text) refers to eeprom.o(.text) for eeprom_byte_write
    utils.o(.text) refers to utils.o(.data) for sw_values
    pc_buffer.o(.text) refers to malloc.o(i.malloc) for malloc
    fonts.o(.text) refers to floor.o(i.__hardfp_floor) for __hardfp_floor
    fonts.o(.text) refers to dfixi.o(.text) for __aeabi_d2iz
    fonts.o(.text) refers to lcd.o(.text) for lcd_draw_image
    fonts.o(.text) refers to fonts.o(.constdata) for sitkaSmall_12ptBitmaps
    interrupts.o(.text) refers to printf3.o(i.__0printf$3) for __2printf
    interrupts.o(.text) refers to ps2.o(.text) for set_alert_adc
    interrupts.o(.text) refers to wireless_driver.o(.text) for wireless_get
    interrupts.o(.text) refers to timers.o(.data) for ALERT_10MS
    interrupts.o(.text) refers to interrupts.o(.data) for PS2_Y_DATA
    interrupts.o(.text) refers to wireless_driver.o(.bss) for wireless_info
    interrupts.o(.text) refers to interrupts.o(.conststring) for .conststring
    interrupts.o(.text) refers to wireless_driver.o(.data) for WIRELESS_RX_ALERT
    wireless_driver.o(.text) refers to gpio_port.o(.text) for gpio_enable_port
    wireless_driver.o(.text) refers to spi_select.o(.text) for spi_select_init
    wireless_driver.o(.text) refers to wireless.o(.text) for wireless_initialize
    wireless_driver.o(.text) refers to wireless_driver.o(.bss) for wireless_info
    eeprom.o(.text) refers to i2c.o(.text) for i2cVerifyBaseAddr
    eeprom.o(.text) refers to gpio_port.o(.text) for gpio_enable_port
    ft6x06.o(.text) refers to i2c.o(.text) for I2CMasterBusy
    ft6x06.o(.text) refers to gpio_port.o(.text) for gpio_enable_port
    lcd.o(.text) refers to gpio_port.o(.text) for gpio_enable_port
    ps2.o(.text) refers to gpio_port.o(.text) for gpio_enable_port
    ps2.o(.text) refers to adc.o(.text) for initialize_adc
    ps2.o(.text) refers to ps2.o(.data) for PS2_X_DATA
    serial_debug.o(.text) refers to gpio_port.o(.text) for gpio_enable_port
    serial_debug.o(.text) refers to pc_buffer.o(.text) for pc_buffer_init
    serial_debug.o(.text) refers to uart.o(.text) for uart_init
    serial_debug.o(.text) refers to main.o(.text) for DisableInterrupts
    serial_debug.o(.text) refers to serial_debug.o(.data) for Rx_Interrupts_Enabled
    serial_debug.o(.text) refers to serial_debug.o(.bss) for UART0_Tx_Buffer
    serial_debug.o(.text) refers to stdout.o(.data) for __stdout
    spi_select.o(.text) refers to gpio_port.o(.text) for gpio_enable_port
    wireless.o(.text) refers to spi.o(.text) for spiTx
    wireless.o(.text) refers to gpio_port.o(.text) for gpio_enable_port
    wireless.o(.text) refers to printf3.o(i.__0printf$3) for __2printf
    wireless.o(.data) refers to wireless.o(.conststring) for .conststring
    ws2812b_ice.o(.text) refers to ws2812b_ice.o(.data) for direction
    mcp23017.o(.text) refers to i2c.o(.text) for i2cVerifyBaseAddr
    startup_tm4c123.o(RESET) refers to startup_tm4c123.o(STACK) for __initial_sp
    startup_tm4c123.o(RESET) refers to startup_tm4c123.o(.text) for Reset_Handler
    startup_tm4c123.o(RESET) refers to interrupts.o(.text) for GPIOD_Handler
    startup_tm4c123.o(RESET) refers to serial_debug.o(.text) for UART0_Handler
    startup_tm4c123.o(.text) refers to system_tm4c123.o(.text) for SystemInit
    startup_tm4c123.o(.text) refers to entry.o(.ARM.Collect$$$$00000000) for __main
    system_tm4c123.o(.text) refers to system_tm4c123.o(.data) for SystemCoreClock
    floor.o(i.__hardfp_floor) refers (Special) to iusefp.o(.text) for __I$use$fp
    floor.o(i.__hardfp_floor) refers to dadd.o(.text) for __aeabi_dadd
    floor.o(i.__hardfp_floor) refers to cdrcmple.o(.text) for __aeabi_cdrcmple
    floor.o(i.__softfp_floor) refers (Special) to iusefp.o(.text) for __I$use$fp
    floor.o(i.__softfp_floor) refers to floor.o(i.__hardfp_floor) for __hardfp_floor
    floor.o(i.floor) refers (Special) to iusefp.o(.text) for __I$use$fp
    floor.o(i.floor) refers to floor.o(i.__hardfp_floor) for __hardfp_floor
    entry.o(.ARM.Collect$$$$00000000) refers (Special) to entry10a.o(.ARM.Collect$$$$0000000D) for __rt_final_cpp
    entry.o(.ARM.Collect$$$$00000000) refers (Special) to entry11a.o(.ARM.Collect$$$$0000000F) for __rt_final_exit
    entry.o(.ARM.Collect$$$$00000000) refers (Special) to entry7b.o(.ARM.Collect$$$$00000008) for _main_clock
    entry.o(.ARM.Collect$$$$00000000) refers (Special) to entry8b.o(.ARM.Collect$$$$0000000A) for _main_cpp_init
    entry.o(.ARM.Collect$$$$00000000) refers (Special) to entry9a.o(.ARM.Collect$$$$0000000B) for _main_init
    entry.o(.ARM.Collect$$$$00000000) refers (Special) to entry5.o(.ARM.Collect$$$$00000004) for _main_scatterload
    entry.o(.ARM.Collect$$$$00000000) refers (Special) to entry2.o(.ARM.Collect$$$$00000001) for _main_stk
    printfb.o(i.__0fprintf$bare) refers to printfb.o(i._printf_core) for _printf_core
    printfb.o(i.__0fprintf$bare) refers to serial_debug.o(.text) for fputc
    printfb.o(i.__0printf$bare) refers to printfb.o(i._printf_core) for _printf_core
    printfb.o(i.__0printf$bare) refers to serial_debug.o(.text) for fputc
    printfb.o(i.__0printf$bare) refers to stdout.o(.data) for __stdout
    printfb.o(i.__0snprintf$bare) refers to printfb.o(i._printf_core) for _printf_core
    printfb.o(i.__0snprintf$bare) refers to printfb.o(i._snputc) for _snputc
    printfb.o(i.__0sprintf$bare) refers to printfb.o(i._printf_core) for _printf_core
    printfb.o(i.__0sprintf$bare) refers to printfb.o(i._sputc) for _sputc
    printfb.o(i.__0vfprintf$bare) refers to printfb.o(i._printf_core) for _printf_core
    printfb.o(i.__0vfprintf$bare) refers to serial_debug.o(.text) for fputc
    printfb.o(i.__0vprintf$bare) refers to printfb.o(i._printf_core) for _printf_core
    printfb.o(i.__0vprintf$bare) refers to serial_debug.o(.text) for fputc
    printfb.o(i.__0vprintf$bare) refers to stdout.o(.data) for __stdout
    printfb.o(i.__0vsnprintf$bare) refers to printfb.o(i._printf_core) for _printf_core
    printfb.o(i.__0vsnprintf$bare) refers to printfb.o(i._snputc) for _snputc
    printfb.o(i.__0vsprintf$bare) refers to printfb.o(i._printf_core) for _printf_core
    printfb.o(i.__0vsprintf$bare) refers to printfb.o(i._sputc) for _sputc
    printf0.o(i.__0fprintf$0) refers to printf0.o(i._printf_core) for _printf_core
    printf0.o(i.__0fprintf$0) refers to serial_debug.o(.text) for fputc
    printf0.o(i.__0printf$0) refers to printf0.o(i._printf_core) for _printf_core
    printf0.o(i.__0printf$0) refers to serial_debug.o(.text) for fputc
    printf0.o(i.__0printf$0) refers to stdout.o(.data) for __stdout
    printf0.o(i.__0snprintf$0) refers to printf0.o(i._printf_core) for _printf_core
    printf0.o(i.__0snprintf$0) refers to printf0.o(i._snputc) for _snputc
    printf0.o(i.__0sprintf$0) refers to printf0.o(i._printf_core) for _printf_core
    printf0.o(i.__0sprintf$0) refers to printf0.o(i._sputc) for _sputc
    printf0.o(i.__0vfprintf$0) refers to printf0.o(i._printf_core) for _printf_core
    printf0.o(i.__0vfprintf$0) refers to serial_debug.o(.text) for fputc
    printf0.o(i.__0vprintf$0) refers to printf0.o(i._printf_core) for _printf_core
    printf0.o(i.__0vprintf$0) refers to serial_debug.o(.text) for fputc
    printf0.o(i.__0vprintf$0) refers to stdout.o(.data) for __stdout
    printf0.o(i.__0vsnprintf$0) refers to printf0.o(i._printf_core) for _printf_core
    printf0.o(i.__0vsnprintf$0) refers to printf0.o(i._snputc) for _snputc
    printf0.o(i.__0vsprintf$0) refers to printf0.o(i._printf_core) for _printf_core
    printf0.o(i.__0vsprintf$0) refers to printf0.o(i._sputc) for _sputc
    printf1.o(i.__0fprintf$1) refers to printf1.o(i._printf_core) for _printf_core
    printf1.o(i.__0fprintf$1) refers to serial_debug.o(.text) for fputc
    printf1.o(i.__0printf$1) refers to printf1.o(i._printf_core) for _printf_core
    printf1.o(i.__0printf$1) refers to serial_debug.o(.text) for fputc
    printf1.o(i.__0printf$1) refers to stdout.o(.data) for __stdout
    printf1.o(i.__0snprintf$1) refers to printf1.o(i._printf_core) for _printf_core
    printf1.o(i.__0snprintf$1) refers to printf1.o(i._snputc) for _snputc
    printf1.o(i.__0sprintf$1) refers to printf1.o(i._printf_core) for _printf_core
    printf1.o(i.__0sprintf$1) refers to printf1.o(i._sputc) for _sputc
    printf1.o(i.__0vfprintf$1) refers to printf1.o(i._printf_core) for _printf_core
    printf1.o(i.__0vfprintf$1) refers to serial_debug.o(.text) for fputc
    printf1.o(i.__0vprintf$1) refers to printf1.o(i._printf_core) for _printf_core
    printf1.o(i.__0vprintf$1) refers to serial_debug.o(.text) for fputc
    printf1.o(i.__0vprintf$1) refers to stdout.o(.data) for __stdout
    printf1.o(i.__0vsnprintf$1) refers to printf1.o(i._printf_core) for _printf_core
    printf1.o(i.__0vsnprintf$1) refers to printf1.o(i._snputc) for _snputc
    printf1.o(i.__0vsprintf$1) refers to printf1.o(i._printf_core) for _printf_core
    printf1.o(i.__0vsprintf$1) refers to printf1.o(i._sputc) for _sputc
    printf1.o(i._printf_core) refers to uidiv.o(.text) for __aeabi_uidivmod
    printf2.o(i.__0fprintf$2) refers to printf2.o(i._printf_core) for _printf_core
    printf2.o(i.__0fprintf$2) refers to serial_debug.o(.text) for fputc
    printf2.o(i.__0printf$2) refers to printf2.o(i._printf_core) for _printf_core
    printf2.o(i.__0printf$2) refers to serial_debug.o(.text) for fputc
    printf2.o(i.__0printf$2) refers to stdout.o(.data) for __stdout
    printf2.o(i.__0snprintf$2) refers to printf2.o(i._printf_core) for _printf_core
    printf2.o(i.__0snprintf$2) refers to printf2.o(i._snputc) for _snputc
    printf2.o(i.__0sprintf$2) refers to printf2.o(i._printf_core) for _printf_core
    printf2.o(i.__0sprintf$2) refers to printf2.o(i._sputc) for _sputc
    printf2.o(i.__0vfprintf$2) refers to printf2.o(i._printf_core) for _printf_core
    printf2.o(i.__0vfprintf$2) refers to serial_debug.o(.text) for fputc
    printf2.o(i.__0vprintf$2) refers to printf2.o(i._printf_core) for _printf_core
    printf2.o(i.__0vprintf$2) refers to serial_debug.o(.text) for fputc
    printf2.o(i.__0vprintf$2) refers to stdout.o(.data) for __stdout
    printf2.o(i.__0vsnprintf$2) refers to printf2.o(i._printf_core) for _printf_core
    printf2.o(i.__0vsnprintf$2) refers to printf2.o(i._snputc) for _snputc
    printf2.o(i.__0vsprintf$2) refers to printf2.o(i._printf_core) for _printf_core
    printf2.o(i.__0vsprintf$2) refers to printf2.o(i._sputc) for _sputc
    printf3.o(i.__0fprintf$3) refers to printf3.o(i._printf_core) for _printf_core
    printf3.o(i.__0fprintf$3) refers to serial_debug.o(.text) for fputc
    printf3.o(i.__0printf$3) refers to printf3.o(i._printf_core) for _printf_core
    printf3.o(i.__0printf$3) refers to serial_debug.o(.text) for fputc
    printf3.o(i.__0printf$3) refers to stdout.o(.data) for __stdout
    printf3.o(i.__0snprintf$3) refers to printf3.o(i._printf_core) for _printf_core
    printf3.o(i.__0snprintf$3) refers to printf3.o(i._snputc) for _snputc
    printf3.o(i.__0sprintf$3) refers to printf3.o(i._printf_core) for _printf_core
    printf3.o(i.__0sprintf$3) refers to printf3.o(i._sputc) for _sputc
    printf3.o(i.__0vfprintf$3) refers to printf3.o(i._printf_core) for _printf_core
    printf3.o(i.__0vfprintf$3) refers to serial_debug.o(.text) for fputc
    printf3.o(i.__0vprintf$3) refers to printf3.o(i._printf_core) for _printf_core
    printf3.o(i.__0vprintf$3) refers to serial_debug.o(.text) for fputc
    printf3.o(i.__0vprintf$3) refers to stdout.o(.data) for __stdout
    printf3.o(i.__0vsnprintf$3) refers to printf3.o(i._printf_core) for _printf_core
    printf3.o(i.__0vsnprintf$3) refers to printf3.o(i._snputc) for _snputc
    printf3.o(i.__0vsprintf$3) refers to printf3.o(i._printf_core) for _printf_core
    printf3.o(i.__0vsprintf$3) refers to printf3.o(i._sputc) for _sputc
    printf3.o(i._printf_core) refers to uidiv.o(.text) for __aeabi_uidivmod
    printf4.o(i.__0fprintf$4) refers to printf4.o(i._printf_core) for _printf_core
    printf4.o(i.__0fprintf$4) refers to serial_debug.o(.text) for fputc
    printf4.o(i.__0printf$4) refers to printf4.o(i._printf_core) for _printf_core
    printf4.o(i.__0printf$4) refers to serial_debug.o(.text) for fputc
    printf4.o(i.__0printf$4) refers to stdout.o(.data) for __stdout
    printf4.o(i.__0snprintf$4) refers to printf4.o(i._printf_core) for _printf_core
    printf4.o(i.__0snprintf$4) refers to printf4.o(i._snputc) for _snputc
    printf4.o(i.__0sprintf$4) refers to printf4.o(i._printf_core) for _printf_core
    printf4.o(i.__0sprintf$4) refers to printf4.o(i._sputc) for _sputc
    printf4.o(i.__0vfprintf$4) refers to printf4.o(i._printf_core) for _printf_core
    printf4.o(i.__0vfprintf$4) refers to serial_debug.o(.text) for fputc
    printf4.o(i.__0vprintf$4) refers to printf4.o(i._printf_core) for _printf_core
    printf4.o(i.__0vprintf$4) refers to serial_debug.o(.text) for fputc
    printf4.o(i.__0vprintf$4) refers to stdout.o(.data) for __stdout
    printf4.o(i.__0vsnprintf$4) refers to printf4.o(i._printf_core) for _printf_core
    printf4.o(i.__0vsnprintf$4) refers to printf4.o(i._snputc) for _snputc
    printf4.o(i.__0vsprintf$4) refers to printf4.o(i._printf_core) for _printf_core
    printf4.o(i.__0vsprintf$4) refers to printf4.o(i._sputc) for _sputc
    printf4.o(i._printf_core) refers to uldiv.o(.text) for __aeabi_uldivmod
    printf5.o(i.__0fprintf$5) refers to printf5.o(i._printf_core) for _printf_core
    printf5.o(i.__0fprintf$5) refers to serial_debug.o(.text) for fputc
    printf5.o(i.__0printf$5) refers to printf5.o(i._printf_core) for _printf_core
    printf5.o(i.__0printf$5) refers to serial_debug.o(.text) for fputc
    printf5.o(i.__0printf$5) refers to stdout.o(.data) for __stdout
    printf5.o(i.__0snprintf$5) refers to printf5.o(i._printf_core) for _printf_core
    printf5.o(i.__0snprintf$5) refers to printf5.o(i._snputc) for _snputc
    printf5.o(i.__0sprintf$5) refers to printf5.o(i._printf_core) for _printf_core
    printf5.o(i.__0sprintf$5) refers to printf5.o(i._sputc) for _sputc
    printf5.o(i.__0vfprintf$5) refers to printf5.o(i._printf_core) for _printf_core
    printf5.o(i.__0vfprintf$5) refers to serial_debug.o(.text) for fputc
    printf5.o(i.__0vprintf$5) refers to printf5.o(i._printf_core) for _printf_core
    printf5.o(i.__0vprintf$5) refers to serial_debug.o(.text) for fputc
    printf5.o(i.__0vprintf$5) refers to stdout.o(.data) for __stdout
    printf5.o(i.__0vsnprintf$5) refers to printf5.o(i._printf_core) for _printf_core
    printf5.o(i.__0vsnprintf$5) refers to printf5.o(i._snputc) for _snputc
    printf5.o(i.__0vsprintf$5) refers to printf5.o(i._printf_core) for _printf_core
    printf5.o(i.__0vsprintf$5) refers to printf5.o(i._sputc) for _sputc
    printf5.o(i._printf_core) refers to uldiv.o(.text) for __aeabi_uldivmod
    printf6.o(i.__0fprintf$6) refers to printf6.o(i._printf_core) for _printf_core
    printf6.o(i.__0fprintf$6) refers to serial_debug.o(.text) for fputc
    printf6.o(i.__0printf$6) refers to printf6.o(i._printf_core) for _printf_core
    printf6.o(i.__0printf$6) refers to serial_debug.o(.text) for fputc
    printf6.o(i.__0printf$6) refers to stdout.o(.data) for __stdout
    printf6.o(i.__0snprintf$6) refers to printf6.o(i._printf_core) for _printf_core
    printf6.o(i.__0snprintf$6) refers to printf6.o(i._snputc) for _snputc
    printf6.o(i.__0sprintf$6) refers to printf6.o(i._printf_core) for _printf_core
    printf6.o(i.__0sprintf$6) refers to printf6.o(i._sputc) for _sputc
    printf6.o(i.__0vfprintf$6) refers to printf6.o(i._printf_core) for _printf_core
    printf6.o(i.__0vfprintf$6) refers to serial_debug.o(.text) for fputc
    printf6.o(i.__0vprintf$6) refers to printf6.o(i._printf_core) for _printf_core
    printf6.o(i.__0vprintf$6) refers to serial_debug.o(.text) for fputc
    printf6.o(i.__0vprintf$6) refers to stdout.o(.data) for __stdout
    printf6.o(i.__0vsnprintf$6) refers to printf6.o(i._printf_core) for _printf_core
    printf6.o(i.__0vsnprintf$6) refers to printf6.o(i._snputc) for _snputc
    printf6.o(i.__0vsprintf$6) refers to printf6.o(i._printf_core) for _printf_core
    printf6.o(i.__0vsprintf$6) refers to printf6.o(i._sputc) for _sputc
    printf6.o(i._printf_core) refers to printf6.o(i._printf_pre_padding) for _printf_pre_padding
    printf6.o(i._printf_core) refers to uidiv.o(.text) for __aeabi_uidivmod
    printf6.o(i._printf_core) refers to printf6.o(i._printf_post_padding) for _printf_post_padding
    printf7.o(i.__0fprintf$7) refers to printf7.o(i._printf_core) for _printf_core
    printf7.o(i.__0fprintf$7) refers to serial_debug.o(.text) for fputc
    printf7.o(i.__0printf$7) refers to printf7.o(i._printf_core) for _printf_core
    printf7.o(i.__0printf$7) refers to serial_debug.o(.text) for fputc
    printf7.o(i.__0printf$7) refers to stdout.o(.data) for __stdout
    printf7.o(i.__0snprintf$7) refers to printf7.o(i._printf_core) for _printf_core
    printf7.o(i.__0snprintf$7) refers to printf7.o(i._snputc) for _snputc
    printf7.o(i.__0sprintf$7) refers to printf7.o(i._printf_core) for _printf_core
    printf7.o(i.__0sprintf$7) refers to printf7.o(i._sputc) for _sputc
    printf7.o(i.__0vfprintf$7) refers to printf7.o(i._printf_core) for _printf_core
    printf7.o(i.__0vfprintf$7) refers to serial_debug.o(.text) for fputc
    printf7.o(i.__0vprintf$7) refers to printf7.o(i._printf_core) for _printf_core
    printf7.o(i.__0vprintf$7) refers to serial_debug.o(.text) for fputc
    printf7.o(i.__0vprintf$7) refers to stdout.o(.data) for __stdout
    printf7.o(i.__0vsnprintf$7) refers to printf7.o(i._printf_core) for _printf_core
    printf7.o(i.__0vsnprintf$7) refers to printf7.o(i._snputc) for _snputc
    printf7.o(i.__0vsprintf$7) refers to printf7.o(i._printf_core) for _printf_core
    printf7.o(i.__0vsprintf$7) refers to printf7.o(i._sputc) for _sputc
    printf7.o(i._printf_core) refers to printf7.o(i._printf_pre_padding) for _printf_pre_padding
    printf7.o(i._printf_core) refers to uldiv.o(.text) for __aeabi_uldivmod
    printf7.o(i._printf_core) refers to printf7.o(i._printf_post_padding) for _printf_post_padding
    printf8.o(i.__0fprintf$8) refers to printf8.o(i._printf_core) for _printf_core
    printf8.o(i.__0fprintf$8) refers to serial_debug.o(.text) for fputc
    printf8.o(i.__0printf$8) refers to printf8.o(i._printf_core) for _printf_core
    printf8.o(i.__0printf$8) refers to serial_debug.o(.text) for fputc
    printf8.o(i.__0printf$8) refers to stdout.o(.data) for __stdout
    printf8.o(i.__0snprintf$8) refers to printf8.o(i._printf_core) for _printf_core
    printf8.o(i.__0snprintf$8) refers to printf8.o(i._snputc) for _snputc
    printf8.o(i.__0sprintf$8) refers to printf8.o(i._printf_core) for _printf_core
    printf8.o(i.__0sprintf$8) refers to printf8.o(i._sputc) for _sputc
    printf8.o(i.__0vfprintf$8) refers to printf8.o(i._printf_core) for _printf_core
    printf8.o(i.__0vfprintf$8) refers to serial_debug.o(.text) for fputc
    printf8.o(i.__0vprintf$8) refers to printf8.o(i._printf_core) for _printf_core
    printf8.o(i.__0vprintf$8) refers to serial_debug.o(.text) for fputc
    printf8.o(i.__0vprintf$8) refers to stdout.o(.data) for __stdout
    printf8.o(i.__0vsnprintf$8) refers to printf8.o(i._printf_core) for _printf_core
    printf8.o(i.__0vsnprintf$8) refers to printf8.o(i._snputc) for _snputc
    printf8.o(i.__0vsprintf$8) refers to printf8.o(i._printf_core) for _printf_core
    printf8.o(i.__0vsprintf$8) refers to printf8.o(i._sputc) for _sputc
    printf8.o(i._printf_core) refers to printf8.o(i._printf_pre_padding) for _printf_pre_padding
    printf8.o(i._printf_core) refers to uldiv.o(.text) for __aeabi_uldivmod
    printf8.o(i._printf_core) refers to printf8.o(i._printf_post_padding) for _printf_post_padding
    printfa.o(i.__0fprintf) refers (Special) to iusefp.o(.text) for __I$use$fp
    printfa.o(i.__0fprintf) refers to printfa.o(i._printf_core) for _printf_core
    printfa.o(i.__0fprintf) refers to serial_debug.o(.text) for fputc
    printfa.o(i.__0printf) refers (Special) to iusefp.o(.text) for __I$use$fp
    printfa.o(i.__0printf) refers to printfa.o(i._printf_core) for _printf_core
    printfa.o(i.__0printf) refers to serial_debug.o(.text) for fputc
    printfa.o(i.__0printf) refers to stdout.o(.data) for __stdout
    printfa.o(i.__0snprintf) refers (Special) to iusefp.o(.text) for __I$use$fp
    printfa.o(i.__0snprintf) refers to printfa.o(i._printf_core) for _printf_core
    printfa.o(i.__0snprintf) refers to printfa.o(i._snputc) for _snputc
    printfa.o(i.__0sprintf) refers (Special) to iusefp.o(.text) for __I$use$fp
    printfa.o(i.__0sprintf) refers to printfa.o(i._printf_core) for _printf_core
    printfa.o(i.__0sprintf) refers to printfa.o(i._sputc) for _sputc
    printfa.o(i.__0vfprintf) refers (Special) to iusefp.o(.text) for __I$use$fp
    printfa.o(i.__0vfprintf) refers to printfa.o(i._printf_core) for _printf_core
    printfa.o(i.__0vfprintf) refers to serial_debug.o(.text) for fputc
    printfa.o(i.__0vprintf) refers (Special) to iusefp.o(.text) for __I$use$fp
    printfa.o(i.__0vprintf) refers to printfa.o(i._printf_core) for _printf_core
    printfa.o(i.__0vprintf) refers to serial_debug.o(.text) for fputc
    printfa.o(i.__0vprintf) refers to stdout.o(.data) for __stdout
    printfa.o(i.__0vsnprintf) refers (Special) to iusefp.o(.text) for __I$use$fp
    printfa.o(i.__0vsnprintf) refers to printfa.o(i._printf_core) for _printf_core
    printfa.o(i.__0vsnprintf) refers to printfa.o(i._snputc) for _snputc
    printfa.o(i.__0vsprintf) refers (Special) to iusefp.o(.text) for __I$use$fp
    printfa.o(i.__0vsprintf) refers to printfa.o(i._printf_core) for _printf_core
    printfa.o(i.__0vsprintf) refers to printfa.o(i._sputc) for _sputc
    printfa.o(i._fp_digits) refers (Special) to iusefp.o(.text) for __I$use$fp
    printfa.o(i._fp_digits) refers to dmul.o(.text) for __aeabi_dmul
    printfa.o(i._fp_digits) refers to ddiv.o(.text) for __aeabi_ddiv
    printfa.o(i._fp_digits) refers to cdrcmple.o(.text) for __aeabi_cdrcmple
    printfa.o(i._fp_digits) refers to dadd.o(.text) for __aeabi_dadd
    printfa.o(i._fp_digits) refers to dfixul.o(.text) for __aeabi_d2ulz
    printfa.o(i._fp_digits) refers to uldiv.o(.text) for __aeabi_uldivmod
    printfa.o(i._printf_core) refers (Special) to iusefp.o(.text) for __I$use$fp
    printfa.o(i._printf_core) refers to printfa.o(i._printf_pre_padding) for _printf_pre_padding
    printfa.o(i._printf_core) refers to uldiv.o(.text) for __aeabi_uldivmod
    printfa.o(i._printf_core) refers to printfa.o(i._printf_post_padding) for _printf_post_padding
    printfa.o(i._printf_core) refers to printfa.o(i._fp_digits) for _fp_digits
    printfa.o(i._printf_core) refers to uidiv.o(.text) for __aeabi_uidivmod
    printfa.o(i._printf_post_padding) refers (Special) to iusefp.o(.text) for __I$use$fp
    printfa.o(i._printf_pre_padding) refers (Special) to iusefp.o(.text) for __I$use$fp
    printfa.o(i._snputc) refers (Special) to iusefp.o(.text) for __I$use$fp
    printfa.o(i._sputc) refers (Special) to iusefp.o(.text) for __I$use$fp
    malloc.o(i.free) refers to mvars.o(.data) for __microlib_freelist
    malloc.o(i.malloc) refers to mvars.o(.data) for __microlib_freelist_initialised
    malloc.o(i.malloc) refers to mvars.o(.data) for __microlib_freelist
    malloc.o(i.malloc) refers to startup_tm4c123.o(HEAP) for __heap_base
    mallocr.o(i.__free$realloc) refers to mvars.o(.data) for __microlib_freelist
    mallocr.o(i.__malloc$realloc) refers to mallocr.o(i.internal_alloc) for internal_alloc
    mallocr.o(i.__malloc$realloc) refers to mvars.o(.data) for __microlib_freelist_initialised
    mallocr.o(i.__malloc$realloc) refers to startup_tm4c123.o(HEAP) for __heap_base
    mallocr.o(i.__malloc$realloc) refers to mvars.o(.data) for __microlib_freelist
    mallocr.o(i.internal_alloc) refers to memcpya.o(.text) for __aeabi_memcpy
    mallocr.o(i.internal_alloc) refers to mvars.o(.data) for __microlib_freelist
    mallocr.o(i.realloc) refers to mallocr.o(i.__free$realloc) for __free$realloc
    mallocr.o(i.realloc) refers to mallocr.o(i.internal_alloc) for internal_alloc
    mallocr.o(i.realloc) refers to mallocr.o(i.__malloc$realloc) for __malloc$realloc
    mallocr.o(i.realloc) refers to mvars.o(.data) for __microlib_freelist
    malloca.o(i.__aligned_malloc) refers to mvars.o(.data) for __microlib_freelist_initialised
    malloca.o(i.__aligned_malloc) refers to mvars.o(.data) for __microlib_freelist
    malloca.o(i.__aligned_malloc) refers to startup_tm4c123.o(HEAP) for __heap_base
    malloca.o(i.__free$memalign) refers to mvars.o(.data) for __microlib_freelist
    malloca.o(i.__malloc$memalign) refers to malloca.o(i.__aligned_malloc) for __aligned_malloc
    mallocra.o(i.__aligned_malloc$realloc) refers to mallocra.o(i.internal_alloc) for internal_alloc
    mallocra.o(i.__aligned_malloc$realloc) refers to mvars.o(.data) for __microlib_freelist_initialised
    mallocra.o(i.__aligned_malloc$realloc) refers to startup_tm4c123.o(HEAP) for __heap_base
    mallocra.o(i.__aligned_malloc$realloc) refers to mvars.o(.data) for __microlib_freelist
    mallocra.o(i.__free$realloc$memalign) refers to mvars.o(.data) for __microlib_freelist
    mallocra.o(i.__malloc$realloc$memalign) refers to mallocra.o(i.__aligned_malloc$realloc) for __aligned_malloc$realloc
    mallocra.o(i.__realloc$memalign) refers to mallocra.o(i.__free$realloc$memalign) for __free$realloc$memalign
    mallocra.o(i.__realloc$memalign) refers to mallocra.o(i.internal_alloc) for internal_alloc
    mallocra.o(i.__realloc$memalign) refers to mallocra.o(i.__malloc$realloc$memalign) for __malloc$realloc$memalign
    mallocra.o(i.__realloc$memalign) refers to mvars.o(.data) for __microlib_freelist
    mallocra.o(i.internal_alloc) refers to memcpya.o(.text) for __aeabi_memcpy
    mallocra.o(i.internal_alloc) refers to mvars.o(.data) for __microlib_freelist
    dfixi.o(.text) refers (Special) to iusefp.o(.text) for __I$use$fp
    dfixi.o(.text) refers to llushr.o(.text) for __aeabi_llsr
    entry2.o(.ARM.Collect$$$$00000001) refers to entry2.o(.ARM.Collect$$$$00002712) for __lit__00000000
    entry2.o(.ARM.Collect$$$$00002712) refers to startup_tm4c123.o(STACK) for __initial_sp
    entry2.o(__vectab_stack_and_reset_area) refers to startup_tm4c123.o(STACK) for __initial_sp
    entry2.o(__vectab_stack_and_reset_area) refers to entry.o(.ARM.Collect$$$$00000000) for __main
    entry5.o(.ARM.Collect$$$$00000004) refers to init.o(.text) for __scatterload
    entry9a.o(.ARM.Collect$$$$0000000B) refers to main.o(.text) for main
    entry9b.o(.ARM.Collect$$$$0000000C) refers to main.o(.text) for main
    uldiv.o(.text) refers to llushr.o(.text) for __aeabi_llsr
    uldiv.o(.text) refers to llshl.o(.text) for __aeabi_llsl
    dadd.o(.text) refers to llshl.o(.text) for __aeabi_llsl
    dadd.o(.text) refers to llsshr.o(.text) for __aeabi_lasr
    dadd.o(.text) refers to depilogue.o(.text) for _double_epilogue
    dmul.o(.text) refers to depilogue.o(.text) for _double_epilogue
    ddiv.o(.text) refers to depilogue.o(.text) for _double_round
    dfixul.o(.text) refers to llushr.o(.text) for __aeabi_llsr
    dfixul.o(.text) refers to llshl.o(.text) for __aeabi_llsl
    init.o(.text) refers to entry5.o(.ARM.Collect$$$$00000004) for __main_after_scatterload
    depilogue.o(.text) refers to llshl.o(.text) for __aeabi_llsl
    depilogue.o(.text) refers to llushr.o(.text) for __aeabi_llsr


==============================================================================

Removing Unused input sections from the image.

    Removing main.o(.rev16_text), (4 bytes).
    Removing main.o(.revsh_text), (4 bytes).
    Removing game_ui.o(.rev16_text), (4 bytes).
    Removing game_ui.o(.revsh_text), (4 bytes).
    Removing utils.o(.rev16_text), (4 bytes).
    Removing utils.o(.revsh_text), (4 bytes).
    Removing adc.o(.rev16_text), (4 bytes).
    Removing adc.o(.revsh_text), (4 bytes).
    Removing gpio_port.o(.rev16_text), (4 bytes).
    Removing gpio_port.o(.revsh_text), (4 bytes).
    Removing i2c.o(.rev16_text), (4 bytes).
    Removing i2c.o(.revsh_text), (4 bytes).
    Removing spi.o(.rev16_text), (4 bytes).
    Removing spi.o(.revsh_text), (4 bytes).
    Removing timers.o(.rev16_text), (4 bytes).
    Removing timers.o(.revsh_text), (4 bytes).
    Removing uart.o(.rev16_text), (4 bytes).
    Removing uart.o(.revsh_text), (4 bytes).
    Removing fonts.o(.rev16_text), (4 bytes).
    Removing fonts.o(.revsh_text), (4 bytes).
    Removing interrupts.o(.rev16_text), (4 bytes).
    Removing interrupts.o(.revsh_text), (4 bytes).
    Removing wireless_driver.o(.rev16_text), (4 bytes).
    Removing wireless_driver.o(.revsh_text), (4 bytes).
    Removing ece353_images.o(.constdata), (5991 bytes).
    Removing eeprom.o(.rev16_text), (4 bytes).
    Removing eeprom.o(.revsh_text), (4 bytes).
    Removing ft6x06.o(.rev16_text), (4 bytes).
    Removing ft6x06.o(.revsh_text), (4 bytes).
    Removing ft6x06.o(.text), (472 bytes).
    Removing launchpad_io.o(.rev16_text), (4 bytes).
    Removing launchpad_io.o(.revsh_text), (4 bytes).
    Removing lcd.o(.rev16_text), (4 bytes).
    Removing lcd.o(.revsh_text), (4 bytes).
    Removing ps2.o(.rev16_text), (4 bytes).
    Removing ps2.o(.revsh_text), (4 bytes).
    Removing serial_debug.o(.rev16_text), (4 bytes).
    Removing serial_debug.o(.revsh_text), (4 bytes).
    Removing spi_select.o(.rev16_text), (4 bytes).
    Removing spi_select.o(.revsh_text), (4 bytes).
    Removing wireless.o(.rev16_text), (4 bytes).
    Removing wireless.o(.revsh_text), (4 bytes).
    Removing ws2812b_ice.o(.rev16_text), (4 bytes).
    Removing ws2812b_ice.o(.revsh_text), (4 bytes).
    Removing ws2812b_ice.o(.text), (264 bytes).
    Removing ws2812b_ice.o(.data), (4 bytes).
    Removing mcp23017.o(.rev16_text), (4 bytes).
    Removing mcp23017.o(.revsh_text), (4 bytes).
    Removing system_tm4c123.o(.rev16_text), (4 bytes).
    Removing system_tm4c123.o(.revsh_text), (4 bytes).
    Removing dmul.o(.text), (228 bytes).
    Removing ddiv.o(.text), (222 bytes).
    Removing dfixul.o(.text), (48 bytes).

53 unused section(s) (total 7413 bytes) removed from the image.

==============================================================================

Image Symbol Table

    Local Symbols

    Symbol Name                              Value     Ov Type        Size  Object(Section)

    RESET                                    0x00000000   Section      620  startup_tm4c123.o(RESET)
    ../clib/microlib/division.c              0x00000000   Number         0  uidiv.o ABSOLUTE
    ../clib/microlib/division.c              0x00000000   Number         0  uldiv.o ABSOLUTE
    ../clib/microlib/init/entry.s            0x00000000   Number         0  entry2.o ABSOLUTE
    ../clib/microlib/init/entry.s            0x00000000   Number         0  entry9b.o ABSOLUTE
    ../clib/microlib/init/entry.s            0x00000000   Number         0  entry11b.o ABSOLUTE
    ../clib/microlib/init/entry.s            0x00000000   Number         0  entry5.o ABSOLUTE
    ../clib/microlib/init/entry.s            0x00000000   Number         0  entry7a.o ABSOLUTE
    ../clib/microlib/init/entry.s            0x00000000   Number         0  entry11a.o ABSOLUTE
    ../clib/microlib/init/entry.s            0x00000000   Number         0  entry7b.o ABSOLUTE
    ../clib/microlib/init/entry.s            0x00000000   Number         0  entry8a.o ABSOLUTE
    ../clib/microlib/init/entry.s            0x00000000   Number         0  entry10b.o ABSOLUTE
    ../clib/microlib/init/entry.s            0x00000000   Number         0  entry10a.o ABSOLUTE
    ../clib/microlib/init/entry.s            0x00000000   Number         0  entry8b.o ABSOLUTE
    ../clib/microlib/init/entry.s            0x00000000   Number         0  entry9a.o ABSOLUTE
    ../clib/microlib/init/entry.s            0x00000000   Number         0  entry.o ABSOLUTE
    ../clib/microlib/longlong.c              0x00000000   Number         0  llushr.o ABSOLUTE
    ../clib/microlib/longlong.c              0x00000000   Number         0  llsshr.o ABSOLUTE
    ../clib/microlib/longlong.c              0x00000000   Number         0  llshl.o ABSOLUTE
    ../clib/microlib/malloc/malloc.c         0x00000000   Number         0  mallocra.o ABSOLUTE
    ../clib/microlib/malloc/malloc.c         0x00000000   Number         0  malloc.o ABSOLUTE
    ../clib/microlib/malloc/malloc.c         0x00000000   Number         0  mallocr.o ABSOLUTE
    ../clib/microlib/malloc/malloc.c         0x00000000   Number         0  malloca.o ABSOLUTE
    ../clib/microlib/malloc/mvars.c          0x00000000   Number         0  mvars.o ABSOLUTE
    ../clib/microlib/printf/printf.c         0x00000000   Number         0  printf6.o ABSOLUTE
    ../clib/microlib/printf/printf.c         0x00000000   Number         0  printf7.o ABSOLUTE
    ../clib/microlib/printf/printf.c         0x00000000   Number         0  printf0.o ABSOLUTE
    ../clib/microlib/printf/printf.c         0x00000000   Number         0  printf8.o ABSOLUTE
    ../clib/microlib/printf/printf.c         0x00000000   Number         0  printfa.o ABSOLUTE
    ../clib/microlib/printf/printf.c         0x00000000   Number         0  printf1.o ABSOLUTE
    ../clib/microlib/printf/printf.c         0x00000000   Number         0  printf2.o ABSOLUTE
    ../clib/microlib/printf/printf.c         0x00000000   Number         0  printf3.o ABSOLUTE
    ../clib/microlib/printf/printf.c         0x00000000   Number         0  printf4.o ABSOLUTE
    ../clib/microlib/printf/printf.c         0x00000000   Number         0  printf5.o ABSOLUTE
    ../clib/microlib/printf/printf.c         0x00000000   Number         0  printfb.o ABSOLUTE
    ../clib/microlib/printf/stubs.s          0x00000000   Number         0  stubs.o ABSOLUTE
    ../clib/microlib/stdio/streams.c         0x00000000   Number         0  stdout.o ABSOLUTE
    ../clib/microlib/string/memcpy.c         0x00000000   Number         0  memcpya.o ABSOLUTE
    ../clib/microlib/string/memcpy.c         0x00000000   Number         0  memcpyb.o ABSOLUTE
    ../clib/microlib/stubs.s                 0x00000000   Number         0  iusefp.o ABSOLUTE
    ../fplib/microlib/fpadd.c                0x00000000   Number         0  dadd.o ABSOLUTE
    ../fplib/microlib/fpdiv.c                0x00000000   Number         0  ddiv.o ABSOLUTE
    ../fplib/microlib/fpepilogue.c           0x00000000   Number         0  depilogue.o ABSOLUTE
    ../fplib/microlib/fpfix.c                0x00000000   Number         0  dfixul.o ABSOLUTE
    ../fplib/microlib/fpfix.c                0x00000000   Number         0  dfixi.o ABSOLUTE
    ../fplib/microlib/fpmul.c                0x00000000   Number         0  dmul.o ABSOLUTE
    ../mathlib/floor.c                       0x00000000   Number         0  floor.o ABSOLUTE
    ..\\drivers\\c\\adc.c                    0x00000000   Number         0  adc.o ABSOLUTE
    ..\\drivers\\c\\fonts.c                  0x00000000   Number         0  fonts.o ABSOLUTE
    ..\\drivers\\c\\gpio_port.c              0x00000000   Number         0  gpio_port.o ABSOLUTE
    ..\\drivers\\c\\i2c.c                    0x00000000   Number         0  i2c.o ABSOLUTE
    ..\\drivers\\c\\interrupts.c             0x00000000   Number         0  interrupts.o ABSOLUTE
    ..\\drivers\\c\\spi.c                    0x00000000   Number         0  spi.o ABSOLUTE
    ..\\drivers\\c\\timers.c                 0x00000000   Number         0  timers.o ABSOLUTE
    ..\\drivers\\c\\uart.c                   0x00000000   Number         0  uart.o ABSOLUTE
    ..\\drivers\\c\\wireless_driver.c        0x00000000   Number         0  wireless_driver.o ABSOLUTE
    ..\\peripherals\\c\\eeprom.c             0x00000000   Number         0  eeprom.o ABSOLUTE
    ..\\peripherals\\c\\ft6x06.c             0x00000000   Number         0  ft6x06.o ABSOLUTE
    ..\\peripherals\\c\\launchpad_io.c       0x00000000   Number         0  launchpad_io.o ABSOLUTE
    ..\\peripherals\\c\\lcd.c                0x00000000   Number         0  lcd.o ABSOLUTE
    ..\\peripherals\\c\\mcp23017.c           0x00000000   Number         0  mcp23017.o ABSOLUTE
    ..\\peripherals\\c\\ps2.c                0x00000000   Number         0  ps2.o ABSOLUTE
    ..\\peripherals\\c\\serial_debug.c       0x00000000   Number         0  serial_debug.o ABSOLUTE
    ..\\peripherals\\c\\spi_select.c         0x00000000   Number         0  spi_select.o ABSOLUTE
    ..\\peripherals\\c\\wireless.c           0x00000000   Number         0  wireless.o ABSOLUTE
    ..\\peripherals\\c\\ws2812b_ice.c        0x00000000   Number         0  ws2812b_ice.o ABSOLUTE
    ..\drivers\c\adc.c                       0x00000000   Number         0  adc.o ABSOLUTE
    ..\drivers\c\fonts.c                     0x00000000   Number         0  fonts.o ABSOLUTE
    ..\drivers\c\gpio_port.c                 0x00000000   Number         0  gpio_port.o ABSOLUTE
    ..\drivers\c\i2c.c                       0x00000000   Number         0  i2c.o ABSOLUTE
    ..\drivers\c\interrupts.c                0x00000000   Number         0  interrupts.o ABSOLUTE
    ..\drivers\c\pc_buffer.c                 0x00000000   Number         0  pc_buffer.o ABSOLUTE
    ..\drivers\c\spi.c                       0x00000000   Number         0  spi.o ABSOLUTE
    ..\drivers\c\timers.c                    0x00000000   Number         0  timers.o ABSOLUTE
    ..\drivers\c\uart.c                      0x00000000   Number         0  uart.o ABSOLUTE
    ..\drivers\c\wireless_driver.c           0x00000000   Number         0  wireless_driver.o ABSOLUTE
    ..\peripherals\c\ece353_images.c         0x00000000   Number         0  ece353_images.o ABSOLUTE
    ..\peripherals\c\eeprom.c                0x00000000   Number         0  eeprom.o ABSOLUTE
    ..\peripherals\c\ft6x06.c                0x00000000   Number         0  ft6x06.o ABSOLUTE
    ..\peripherals\c\launchpad_io.c          0x00000000   Number         0  launchpad_io.o ABSOLUTE
    ..\peripherals\c\lcd.c                   0x00000000   Number         0  lcd.o ABSOLUTE
    ..\peripherals\c\lcd_images.c            0x00000000   Number         0  lcd_images.o ABSOLUTE
    ..\peripherals\c\mcp23017.c              0x00000000   Number         0  mcp23017.o ABSOLUTE
    ..\peripherals\c\ps2.c                   0x00000000   Number         0  ps2.o ABSOLUTE
    ..\peripherals\c\serial_debug.c          0x00000000   Number         0  serial_debug.o ABSOLUTE
    ..\peripherals\c\spi_select.c            0x00000000   Number         0  spi_select.o ABSOLUTE
    ..\peripherals\c\wireless.c              0x00000000   Number         0  wireless.o ABSOLUTE
    ..\peripherals\c\ws2812b_ice.c           0x00000000   Number         0  ws2812b_ice.o ABSOLUTE
    RTE\Device\TM4C123GH6PM\startup_TM4C123.s 0x00000000   Number         0  startup_tm4c123.o ABSOLUTE
    RTE\Device\TM4C123GH6PM\system_TM4C123.c 0x00000000   Number         0  system_tm4c123.o ABSOLUTE
    RTE\\Device\\TM4C123GH6PM\\system_TM4C123.c 0x00000000   Number         0  system_tm4c123.o ABSOLUTE
    cdrcmple.s                               0x00000000   Number         0  cdrcmple.o ABSOLUTE
    dc.s                                     0x00000000   Number         0  dc.o ABSOLUTE
    game_ui.c                                0x00000000   Number         0  game_ui.o ABSOLUTE
    game_ui.c                                0x00000000   Number         0  game_ui.o ABSOLUTE
    handlers.s                               0x00000000   Number         0  handlers.o ABSOLUTE
    init.s                                   0x00000000   Number         0  init.o ABSOLUTE
    main.c                                   0x00000000   Number         0  main.o ABSOLUTE
    main.c                                   0x00000000   Number         0  main.o ABSOLUTE
    utils.c                                  0x00000000   Number         0  utils.o ABSOLUTE
    utils.c                                  0x00000000   Number         0  utils.o ABSOLUTE
    .ARM.Collect$$$$00000000                 0x0000026c   Section        0  entry.o(.ARM.Collect$$$$00000000)
    .ARM.Collect$$$$00000001                 0x0000026c   Section        4  entry2.o(.ARM.Collect$$$$00000001)
    .ARM.Collect$$$$00000004                 0x00000270   Section        4  entry5.o(.ARM.Collect$$$$00000004)
    .ARM.Collect$$$$00000008                 0x00000274   Section        0  entry7b.o(.ARM.Collect$$$$00000008)
    .ARM.Collect$$$$0000000A                 0x00000274   Section        0  entry8b.o(.ARM.Collect$$$$0000000A)
    .ARM.Collect$$$$0000000B                 0x00000274   Section        8  entry9a.o(.ARM.Collect$$$$0000000B)
    .ARM.Collect$$$$0000000D                 0x0000027c   Section        0  entry10a.o(.ARM.Collect$$$$0000000D)
    .ARM.Collect$$$$0000000F                 0x0000027c   Section        0  entry11a.o(.ARM.Collect$$$$0000000F)
    .ARM.Collect$$$$00002712                 0x0000027c   Section        4  entry2.o(.ARM.Collect$$$$00002712)
    __lit__00000000                          0x0000027c   Data           4  entry2.o(.ARM.Collect$$$$00002712)
    .text                                    0x00000280   Section        0  main.o(.text)
    .text                                    0x000005f0   Section        0  game_ui.o(.text)
    .text                                    0x00000710   Section        0  utils.o(.text)
    .text                                    0x00000904   Section        0  adc.o(.text)
    .text                                    0x000009d4   Section        0  gpio_port.o(.text)
    verify_base_addr                         0x000009d5   Thumb Code    64  gpio_port.o(.text)
    .text                                    0x00000ca0   Section        0  i2c.o(.text)
    .text                                    0x00000ea8   Section        0  pc_buffer.o(.text)
    .text                                    0x00000f24   Section        0  spi.o(.text)
    .text                                    0x000010b0   Section        0  timers.o(.text)
    NVIC_SetPriority                         0x000010b1   Thumb Code    32  timers.o(.text)
    verify_base_addr                         0x000010d1   Thumb Code    64  timers.o(.text)
    get_clock_masks                          0x00001111   Thumb Code   106  timers.o(.text)
    NVIC_EnableIRQ                           0x00001307   Thumb Code    22  timers.o(.text)
    .text                                    0x00001340   Section        0  uart.o(.text)
    .text                                    0x000015bc   Section        0  fonts.o(.text)
    .text                                    0x000016f8   Section        0  interrupts.o(.text)
    .text                                    0x00001818   Section        0  wireless_driver.o(.text)
    .text                                    0x00001918   Section        0  eeprom.o(.text)
    eeprom_wait_for_write                    0x00001919   Thumb Code    68  eeprom.o(.text)
    .text                                    0x00001ad8   Section        0  launchpad_io.o(.text)
    .text                                    0x00001b9c   Section        0  lcd.o(.text)
    delayms                                  0x00001b9d   Thumb Code    26  lcd.o(.text)
    lcd_write_cmd_u8                         0x00001bb7   Thumb Code    40  lcd.o(.text)
    lcd_write_data_u8                        0x00001bdf   Thumb Code    36  lcd.o(.text)
    lcd_write_data_u16                       0x00001c03   Thumb Code    60  lcd.o(.text)
    .text                                    0x0000207c   Section        0  ps2.o(.text)
    initialize_adc_gpio_pins                 0x0000207d   Thumb Code    34  ps2.o(.text)
    .text                                    0x000020e4   Section        0  serial_debug.o(.text)
    .text                                    0x000022e8   Section        0  spi_select.o(.text)
    .text                                    0x00002384   Section        0  wireless.o(.text)
    wireless_reg_read                        0x00002393   Thumb Code    40  wireless.o(.text)
    wireless_reg_write                       0x000023bb   Thumb Code    40  wireless.o(.text)
    wireless_rx_data_payload                 0x000023e3   Thumb Code    64  wireless.o(.text)
    wireless_set_rx_addr                     0x00002423   Thumb Code   118  wireless.o(.text)
    wireless_get_status                      0x00002499   Thumb Code    32  wireless.o(.text)
    wireless_CSN_low                         0x000028b1   Thumb Code    18  wireless.o(.text)
    wireless_CSN_high                        0x000028c3   Thumb Code    18  wireless.o(.text)
    wireless_CE_low                          0x000028d5   Thumb Code    16  wireless.o(.text)
    wireless_CE_high                         0x000028e5   Thumb Code    16  wireless.o(.text)
    wireless_flush_tx_fifo                   0x000028f5   Thumb Code    28  wireless.o(.text)
    wireless_rx_fifo_empty                   0x00002911   Thumb Code    24  wireless.o(.text)
    wireless_status_tx_ds_asserted           0x00002929   Thumb Code    16  wireless.o(.text)
    wireless_status_tx_full_asserted         0x00002939   Thumb Code    16  wireless.o(.text)
    wireless_clear_max_rt                    0x00002949   Thumb Code    12  wireless.o(.text)
    .text                                    0x00002a0c   Section        0  mcp23017.o(.text)
    wait_for_write                           0x00002a0d   Thumb Code    68  mcp23017.o(.text)
    .text                                    0x00002c38   Section      252  startup_tm4c123.o(.text)
    $v0                                      0x00002c38   Number         0  startup_tm4c123.o(.text)
    .text                                    0x00002d34   Section        0  system_tm4c123.o(.text)
    getOscClk                                0x00002d35   Thumb Code   182  system_tm4c123.o(.text)
    .text                                    0x00002f84   Section        0  memcpya.o(.text)
    .text                                    0x00002fa8   Section        0  dfixi.o(.text)
    .text                                    0x00002fe6   Section        0  uidiv.o(.text)
    .text                                    0x00003012   Section        0  llushr.o(.text)
    .text                                    0x00003032   Section        0  dadd.o(.text)
    .text                                    0x00003032   Section        0  iusefp.o(.text)
    .text                                    0x00003180   Section       40  cdrcmple.o(.text)
    .text                                    0x000031a8   Section       36  init.o(.text)
    .text                                    0x000031cc   Section        0  llshl.o(.text)
    .text                                    0x000031ea   Section        0  llsshr.o(.text)
    .text                                    0x0000320e   Section        0  depilogue.o(.text)
    i.__0printf$3                            0x000032c4   Section        0  printf3.o(i.__0printf$3)
    i.__hardfp_floor                         0x000032e8   Section        0  floor.o(i.__hardfp_floor)
    i.__scatterload_copy                     0x00003400   Section       14  handlers.o(i.__scatterload_copy)
    i.__scatterload_null                     0x0000340e   Section        2  handlers.o(i.__scatterload_null)
    i.__scatterload_zeroinit                 0x00003410   Section       14  handlers.o(i.__scatterload_zeroinit)
    i._printf_core                           0x00003420   Section        0  printf3.o(i._printf_core)
    _printf_core                             0x00003421   Thumb Code   436  printf3.o(i._printf_core)
    i.malloc                                 0x000035d8   Section        0  malloc.o(i.malloc)
    .constdata                               0x00003644   Section     4560  fonts.o(.constdata)
    .constdata                               0x00004814   Section     6123  lcd_images.o(.constdata)
    .conststring                             0x00006000   Section       86  interrupts.o(.conststring)
    .conststring                             0x00006058   Section      127  wireless.o(.conststring)
    .data                                    0x20000000   Section       82  main.o(.data)
    PS2_X_DATA                               0x20000000   Data           2  main.o(.data)
    PS2_Y_DATA                               0x20000002   Data           2  main.o(.data)
    ALERT_NEW_ADC                            0x20000004   Data           1  main.o(.data)
    .data                                    0x20000052   Section       18  utils.o(.data)
    sw_values                                0x20000052   Data          10  utils.o(.data)
    btn_values                               0x2000005c   Data           8  utils.o(.data)
    .data                                    0x20000064   Section        1  timers.o(.data)
    .data                                    0x20000066   Section        5  interrupts.o(.data)
    PS2_X_DATA                               0x20000066   Data           2  interrupts.o(.data)
    PS2_Y_DATA                               0x20000068   Data           2  interrupts.o(.data)
    ALERT_NEW_ADC                            0x2000006a   Data           1  interrupts.o(.data)
    .data                                    0x2000006b   Section        1  wireless_driver.o(.data)
    .data                                    0x2000006c   Section        5  ps2.o(.data)
    PS2_X_DATA                               0x2000006c   Data           2  ps2.o(.data)
    PS2_Y_DATA                               0x2000006e   Data           2  ps2.o(.data)
    ALERT_NEW_ADC                            0x20000070   Data           1  ps2.o(.data)
    .data                                    0x20000071   Section        2  serial_debug.o(.data)
    Rx_Interrupts_Enabled                    0x20000071   Data           1  serial_debug.o(.data)
    Tx_Interrupts_Enabled                    0x20000072   Data           1  serial_debug.o(.data)
    .data                                    0x20000074   Section       29  wireless.o(.data)
    .data                                    0x20000094   Section        4  system_tm4c123.o(.data)
    .data                                    0x20000098   Section        4  stdout.o(.data)
    .data                                    0x2000009c   Section        4  mvars.o(.data)
    .data                                    0x200000a0   Section        4  mvars.o(.data)
    .bss                                     0x200000a4   Section       16  wireless_driver.o(.bss)
    .bss                                     0x200000b4   Section       28  serial_debug.o(.bss)
    HEAP                                     0x200000d0   Section        0  startup_tm4c123.o(HEAP)
    STACK                                    0x200000d0   Section     4096  startup_tm4c123.o(STACK)

    Global Symbols

    Symbol Name                              Value     Ov Type        Size  Object(Section)

    BuildAttributes$$THM_ISAv4$E$P$D$K$B$S$7EM$VFPi3$EXTD16$VFPS$VFMA$PE$A:L22UL41UL21$X:L11$S22US41US21$IEEE1$IW$USESV6$~STKCKD$USESV7$~SHL$OTIME$ROPI$IEEEJ$EBA8$MICROLIB$REQ8$PRES8$EABIv2 0x00000000   Number         0  anon$$obj.o ABSOLUTE
    __ARM_use_no_argv                        0x00000000   Number         0  main.o ABSOLUTE
    __Vectors                                0x00000000   Data           4  startup_tm4c123.o(RESET)
    _printf_a                                0x00000000   Number         0  stubs.o ABSOLUTE
    _printf_c                                0x00000000   Number         0  stubs.o ABSOLUTE
    _printf_charcount                        0x00000000   Number         0  stubs.o ABSOLUTE
    _printf_d                                0x00000000   Number         0  stubs.o ABSOLUTE
    _printf_e                                0x00000000   Number         0  stubs.o ABSOLUTE
    _printf_f                                0x00000000   Number         0  stubs.o ABSOLUTE
    _printf_flags                            0x00000000   Number         0  stubs.o ABSOLUTE
    _printf_fp_dec                           0x00000000   Number         0  stubs.o ABSOLUTE
    _printf_fp_hex                           0x00000000   Number         0  stubs.o ABSOLUTE
    _printf_g                                0x00000000   Number         0  stubs.o ABSOLUTE
    _printf_i                                0x00000000   Number         0  stubs.o ABSOLUTE
    _printf_int_dec                          0x00000000   Number         0  stubs.o ABSOLUTE
    _printf_l                                0x00000000   Number         0  stubs.o ABSOLUTE
    _printf_lc                               0x00000000   Number         0  stubs.o ABSOLUTE
    _printf_ll                               0x00000000   Number         0  stubs.o ABSOLUTE
    _printf_lld                              0x00000000   Number         0  stubs.o ABSOLUTE
    _printf_lli                              0x00000000   Number         0  stubs.o ABSOLUTE
    _printf_llo                              0x00000000   Number         0  stubs.o ABSOLUTE
    _printf_llu                              0x00000000   Number         0  stubs.o ABSOLUTE
    _printf_llx                              0x00000000   Number         0  stubs.o ABSOLUTE
    _printf_longlong_dec                     0x00000000   Number         0  stubs.o ABSOLUTE
    _printf_longlong_hex                     0x00000000   Number         0  stubs.o ABSOLUTE
    _printf_longlong_oct                     0x00000000   Number         0  stubs.o ABSOLUTE
    _printf_ls                               0x00000000   Number         0  stubs.o ABSOLUTE
    _printf_mbtowc                           0x00000000   Number         0  stubs.o ABSOLUTE
    _printf_n                                0x00000000   Number         0  stubs.o ABSOLUTE
    _printf_o                                0x00000000   Number         0  stubs.o ABSOLUTE
    _printf_p                                0x00000000   Number         0  stubs.o ABSOLUTE
    _printf_percent                          0x00000000   Number         0  stubs.o ABSOLUTE
    _printf_pre_padding                      0x00000000   Number         0  stubs.o ABSOLUTE
    _printf_return_value                     0x00000000   Number         0  stubs.o ABSOLUTE
    _printf_s                                0x00000000   Number         0  stubs.o ABSOLUTE
    _printf_sizespec                         0x00000000   Number         0  stubs.o ABSOLUTE
    _printf_str                              0x00000000   Number         0  stubs.o ABSOLUTE
    _printf_truncate_signed                  0x00000000   Number         0  stubs.o ABSOLUTE
    _printf_truncate_unsigned                0x00000000   Number         0  stubs.o ABSOLUTE
    _printf_u                                0x00000000   Number         0  stubs.o ABSOLUTE
    _printf_wc                               0x00000000   Number         0  stubs.o ABSOLUTE
    _printf_wctomb                           0x00000000   Number         0  stubs.o ABSOLUTE
    _printf_widthprec                        0x00000000   Number         0  stubs.o ABSOLUTE
    _printf_x                                0x00000000   Number         0  stubs.o ABSOLUTE
    __cpp_initialize__aeabi_                  - Undefined Weak Reference
    __cxa_finalize                            - Undefined Weak Reference
    __decompress                              - Undefined Weak Reference
    _clock_init                               - Undefined Weak Reference
    _microlib_exit                            - Undefined Weak Reference
    __Vectors_End                            0x0000026c   Data           0  startup_tm4c123.o(RESET)
    __Vectors_Size                           0x0000026c   Number         0  startup_tm4c123.o ABSOLUTE
    __main                                   0x0000026d   Thumb Code     0  entry.o(.ARM.Collect$$$$00000000)
    _main_stk                                0x0000026d   Thumb Code     0  entry2.o(.ARM.Collect$$$$00000001)
    _main_scatterload                        0x00000271   Thumb Code     0  entry5.o(.ARM.Collect$$$$00000004)
    __main_after_scatterload                 0x00000275   Thumb Code     0  entry5.o(.ARM.Collect$$$$00000004)
    _main_clock                              0x00000275   Thumb Code     0  entry7b.o(.ARM.Collect$$$$00000008)
    _main_cpp_init                           0x00000275   Thumb Code     0  entry8b.o(.ARM.Collect$$$$0000000A)
    _main_init                               0x00000275   Thumb Code     0  entry9a.o(.ARM.Collect$$$$0000000B)
    __rt_final_cpp                           0x0000027d   Thumb Code     0  entry10a.o(.ARM.Collect$$$$0000000D)
    __rt_final_exit                          0x0000027d   Thumb Code     0  entry11a.o(.ARM.Collect$$$$0000000F)
    DisableInterrupts                        0x00000281   Thumb Code     4  main.o(.text)
    EnableInterrupts                         0x00000285   Thumb Code     4  main.o(.text)
    initialize_hardware                      0x00000289   Thumb Code    98  main.o(.text)
    main                                     0x000002eb   Thumb Code   322  main.o(.text)
    selection_sceen                          0x000005f1   Thumb Code   196  game_ui.o(.text)
    sw_is_pressed                            0x00000711   Thumb Code    80  utils.o(.text)
    btn_is_pressed                           0x00000761   Thumb Code    92  utils.o(.text)
    eeprom_write_team_info                   0x000007bd   Thumb Code   112  utils.o(.text)
    eeprom_read_team_info                    0x0000082d   Thumb Code   176  utils.o(.text)
    initialize_adc                           0x00000905   Thumb Code   186  adc.o(.text)
    gpio_get_irq_num                         0x00000a15   Thumb Code    74  gpio_port.o(.text)
    gpio_enable_port                         0x00000a5f   Thumb Code   156  gpio_port.o(.text)
    gpio_config_digital_enable               0x00000afb   Thumb Code    34  gpio_port.o(.text)
    gpio_config_enable_output                0x00000b1d   Thumb Code    34  gpio_port.o(.text)
    gpio_config_enable_input                 0x00000b3f   Thumb Code    34  gpio_port.o(.text)
    gpio_config_enable_pullup                0x00000b61   Thumb Code    34  gpio_port.o(.text)
    gpio_config_enable_pulldown              0x00000b83   Thumb Code    34  gpio_port.o(.text)
    gpio_config_analog_enable                0x00000ba5   Thumb Code    34  gpio_port.o(.text)
    gpio_config_alternate_function           0x00000bc7   Thumb Code    34  gpio_port.o(.text)
    gpio_config_port_control                 0x00000be9   Thumb Code    44  gpio_port.o(.text)
    gpio_config_open_drain                   0x00000c15   Thumb Code    34  gpio_port.o(.text)
    gpio_config_falling_edge_irq             0x00000c37   Thumb Code    74  gpio_port.o(.text)
    initializeI2CMaster                      0x00000ca1   Thumb Code   160  i2c.o(.text)
    i2cVerifyBaseAddr                        0x00000d41   Thumb Code    36  i2c.o(.text)
    i2cSetSlaveAddr                          0x00000d65   Thumb Code    30  i2c.o(.text)
    i2cStop                                  0x00000d83   Thumb Code    26  i2c.o(.text)
    I2CMasterBusy                            0x00000d9d   Thumb Code    34  i2c.o(.text)
    I2CMasterAdrAck                          0x00000dbf   Thumb Code    34  i2c.o(.text)
    I2CMasterDatAck                          0x00000de1   Thumb Code    34  i2c.o(.text)
    i2cSendByte                              0x00000e03   Thumb Code    82  i2c.o(.text)
    i2cGetByte                               0x00000e55   Thumb Code    60  i2c.o(.text)
    pc_buffer_init                           0x00000ea9   Thumb Code    26  pc_buffer.o(.text)
    pc_buffer_add                            0x00000ec3   Thumb Code    28  pc_buffer.o(.text)
    pc_buffer_remove                         0x00000edf   Thumb Code    30  pc_buffer.o(.text)
    pc_buffer_empty                          0x00000efd   Thumb Code    18  pc_buffer.o(.text)
    pc_buffer_full                           0x00000f0f   Thumb Code    22  pc_buffer.o(.text)
    spiVerifyBaseAddr                        0x00000f25   Thumb Code    34  spi.o(.text)
    initialize_spi                           0x00000f47   Thumb Code   244  spi.o(.text)
    spiTx                                    0x0000103b   Thumb Code    94  spi.o(.text)
    timer0_init                              0x0000117b   Thumb Code   196  timers.o(.text)
    timer1_init                              0x0000123f   Thumb Code   116  timers.o(.text)
    watchdog_init                            0x000012b3   Thumb Code    74  timers.o(.text)
    pet_wd                                   0x000012fd   Thumb Code    10  timers.o(.text)
    verify_uart_base                         0x00001341   Thumb Code    54  uart.o(.text)
    uart_get_rcgc_mask                       0x00001377   Thumb Code    68  uart.o(.text)
    uart_get_pr_mask                         0x000013bb   Thumb Code    68  uart.o(.text)
    uart_get_irq_num                         0x000013ff   Thumb Code    68  uart.o(.text)
    uart_tx_poll                             0x00001443   Thumb Code    38  uart.o(.text)
    uart_tx_poll_string                      0x00001469   Thumb Code    50  uart.o(.text)
    uart_rx_poll                             0x0000149b   Thumb Code    70  uart.o(.text)
    uart_init                                0x000014e1   Thumb Code   202  uart.o(.text)
    lcd_print_string                         0x000015bd   Thumb Code   302  fonts.o(.text)
    TIMER0A_Handler                          0x000016f9   Thumb Code    26  interrupts.o(.text)
    TIMER0B_Handler                          0x00001713   Thumb Code    20  interrupts.o(.text)
    TIMER1A_Handler                          0x00001727   Thumb Code    44  interrupts.o(.text)
    WDT0_Handler                             0x00001753   Thumb Code    10  interrupts.o(.text)
    ADC0SS2_Handler                          0x0000175d   Thumb Code    48  interrupts.o(.text)
    GPIOD_Handler                            0x0000178d   Thumb Code    40  interrupts.o(.text)
    rx_enable_interrupt                      0x00001819   Thumb Code    98  wireless_driver.o(.text)
    wireless_init                            0x0000187b   Thumb Code    36  wireless_driver.o(.text)
    wireless_send                            0x0000189f   Thumb Code    68  wireless_driver.o(.text)
    wireless_get                             0x000018e3   Thumb Code    38  wireless_driver.o(.text)
    eeprom_byte_write                        0x0000195d   Thumb Code   100  eeprom.o(.text)
    eeprom_byte_read                         0x000019c1   Thumb Code   118  eeprom.o(.text)
    eeprom_init                              0x00001a37   Thumb Code   156  eeprom.o(.text)
    lp_io_set_pin                            0x00001ad9   Thumb Code    18  launchpad_io.o(.text)
    lp_io_clear_pin                          0x00001aeb   Thumb Code    18  launchpad_io.o(.text)
    lp_io_read_pin                           0x00001afd   Thumb Code    24  launchpad_io.o(.text)
    lp_io_init                               0x00001b15   Thumb Code   112  launchpad_io.o(.text)
    lcd_set_pos                              0x00001c3f   Thumb Code    58  lcd.o(.text)
    lcd_clear_screen                         0x00001c79   Thumb Code    52  lcd.o(.text)
    lcd_draw_image                           0x00001cad   Thumb Code   184  lcd.o(.text)
    lcd_config_gpio                          0x00001d65   Thumb Code   222  lcd.o(.text)
    lcd_config_screen                        0x00001e43   Thumb Code   566  lcd.o(.text)
    ps2_initialize                           0x0000209f   Thumb Code    14  ps2.o(.text)
    ps2_get_x                                0x000020ad   Thumb Code     6  ps2.o(.text)
    ps2_get_y                                0x000020b3   Thumb Code     6  ps2.o(.text)
    get_alert_adc                            0x000020b9   Thumb Code     6  ps2.o(.text)
    clear_alert_adc                          0x000020bf   Thumb Code     8  ps2.o(.text)
    set_alert_adc                            0x000020c7   Thumb Code     8  ps2.o(.text)
    init_serial_debug                        0x000020e5   Thumb Code    90  serial_debug.o(.text)
    serial_debug_rx                          0x0000213f   Thumb Code    46  serial_debug.o(.text)
    serial_debug_tx                          0x0000216d   Thumb Code    86  serial_debug.o(.text)
    fputc                                    0x000021c3   Thumb Code    66  serial_debug.o(.text)
    fgetc                                    0x00002205   Thumb Code    50  serial_debug.o(.text)
    UART0_Handler                            0x00002237   Thumb Code   152  serial_debug.o(.text)
    spi_select_init                          0x000022e9   Thumb Code    86  spi_select.o(.text)
    spi_select                               0x0000233f   Thumb Code    62  spi_select.o(.text)
    wait_uS_15                               0x00002385   Thumb Code    14  wireless.o(.text)
    wireless_send_32                         0x000024b9   Thumb Code   302  wireless.o(.text)
    wireless_get_32                          0x000025e7   Thumb Code   130  wireless.o(.text)
    wireless_configure_device                0x00002669   Thumb Code   218  wireless.o(.text)
    wireless_initialize                      0x00002743   Thumb Code   210  wireless.o(.text)
    wireless_test                            0x00002815   Thumb Code   156  wireless.o(.text)
    io_expander_byte_write                   0x00002a51   Thumb Code    82  mcp23017.o(.text)
    io_expander_byte_read                    0x00002aa3   Thumb Code   100  mcp23017.o(.text)
    io_expander_set_pin                      0x00002b07   Thumb Code    76  mcp23017.o(.text)
    io_expander_init                         0x00002b53   Thumb Code   102  mcp23017.o(.text)
    io_expander_clear_pin                    0x00002bb9   Thumb Code    74  mcp23017.o(.text)
    io_expander_read_pin                     0x00002c03   Thumb Code    54  mcp23017.o(.text)
    Reset_Handler                            0x00002c39   Thumb Code     8  startup_tm4c123.o(.text)
    NMI_Handler                              0x00002c41   Thumb Code     2  startup_tm4c123.o(.text)
    HardFault_Handler                        0x00002c43   Thumb Code     2  startup_tm4c123.o(.text)
    MemManage_Handler                        0x00002c45   Thumb Code     2  startup_tm4c123.o(.text)
    BusFault_Handler                         0x00002c47   Thumb Code     2  startup_tm4c123.o(.text)
    UsageFault_Handler                       0x00002c49   Thumb Code     2  startup_tm4c123.o(.text)
    SVC_Handler                              0x00002c4b   Thumb Code     2  startup_tm4c123.o(.text)
    DebugMon_Handler                         0x00002c4d   Thumb Code     2  startup_tm4c123.o(.text)
    PendSV_Handler                           0x00002c4f   Thumb Code     2  startup_tm4c123.o(.text)
    SysTick_Handler                          0x00002c51   Thumb Code     2  startup_tm4c123.o(.text)
    GPIOA_Handler                            0x00002c53   Thumb Code     2  startup_tm4c123.o(.text)
    GPIOB_Handler                            0x00002c55   Thumb Code     2  startup_tm4c123.o(.text)
    GPIOC_Handler                            0x00002c57   Thumb Code     2  startup_tm4c123.o(.text)
    GPIOE_Handler                            0x00002c5b   Thumb Code     2  startup_tm4c123.o(.text)
    UART1_Handler                            0x00002c5f   Thumb Code     2  startup_tm4c123.o(.text)
    SSI0_Handler                             0x00002c61   Thumb Code     2  startup_tm4c123.o(.text)
    I2C0_Handler                             0x00002c63   Thumb Code     2  startup_tm4c123.o(.text)
    PMW0_FAULT_Handler                       0x00002c65   Thumb Code     2  startup_tm4c123.o(.text)
    PWM0_0_Handler                           0x00002c67   Thumb Code     2  startup_tm4c123.o(.text)
    PWM0_1_Handler                           0x00002c69   Thumb Code     2  startup_tm4c123.o(.text)
    PWM0_2_Handler                           0x00002c6b   Thumb Code     2  startup_tm4c123.o(.text)
    QEI0_Handler                             0x00002c6d   Thumb Code     2  startup_tm4c123.o(.text)
    ADC0SS0_Handler                          0x00002c6f   Thumb Code     2  startup_tm4c123.o(.text)
    ADC0SS1_Handler                          0x00002c71   Thumb Code     2  startup_tm4c123.o(.text)
    ADC0SS3_Handler                          0x00002c75   Thumb Code     2  startup_tm4c123.o(.text)
    TIMER1B_Handler                          0x00002c7f   Thumb Code     2  startup_tm4c123.o(.text)
    TIMER2A_Handler                          0x00002c81   Thumb Code     2  startup_tm4c123.o(.text)
    TIMER2B_Handler                          0x00002c83   Thumb Code     2  startup_tm4c123.o(.text)
    COMP0_Handler                            0x00002c85   Thumb Code     2  startup_tm4c123.o(.text)
    COMP1_Handler                            0x00002c87   Thumb Code     2  startup_tm4c123.o(.text)
    COMP2_Handler                            0x00002c89   Thumb Code     2  startup_tm4c123.o(.text)
    SYSCTL_Handler                           0x00002c8b   Thumb Code     2  startup_tm4c123.o(.text)
    FLASH_Handler                            0x00002c8d   Thumb Code     2  startup_tm4c123.o(.text)
    GPIOF_Handler                            0x00002c8f   Thumb Code     2  startup_tm4c123.o(.text)
    GPIOG_Handler                            0x00002c91   Thumb Code     2  startup_tm4c123.o(.text)
    GPIOH_Handler                            0x00002c93   Thumb Code     2  startup_tm4c123.o(.text)
    UART2_Handler                            0x00002c95   Thumb Code     2  startup_tm4c123.o(.text)
    SSI1_Handler                             0x00002c97   Thumb Code     2  startup_tm4c123.o(.text)
    TIMER3A_Handler                          0x00002c99   Thumb Code     2  startup_tm4c123.o(.text)
    TIMER3B_Handler                          0x00002c9b   Thumb Code     2  startup_tm4c123.o(.text)
    I2C1_Handler                             0x00002c9d   Thumb Code     2  startup_tm4c123.o(.text)
    QEI1_Handler                             0x00002c9f   Thumb Code     2  startup_tm4c123.o(.text)
    CAN0_Handler                             0x00002ca1   Thumb Code     2  startup_tm4c123.o(.text)
    CAN1_Handler                             0x00002ca3   Thumb Code     2  startup_tm4c123.o(.text)
    CAN2_Handler                             0x00002ca5   Thumb Code     2  startup_tm4c123.o(.text)
    HIB_Handler                              0x00002ca7   Thumb Code     2  startup_tm4c123.o(.text)
    USB0_Handler                             0x00002ca9   Thumb Code     2  startup_tm4c123.o(.text)
    PWM0_3_Handler                           0x00002cab   Thumb Code     2  startup_tm4c123.o(.text)
    UDMA_Handler                             0x00002cad   Thumb Code     2  startup_tm4c123.o(.text)
    UDMAERR_Handler                          0x00002caf   Thumb Code     2  startup_tm4c123.o(.text)
    ADC1SS0_Handler                          0x00002cb1   Thumb Code     2  startup_tm4c123.o(.text)
    ADC1SS1_Handler                          0x00002cb3   Thumb Code     2  startup_tm4c123.o(.text)
    ADC1SS2_Handler                          0x00002cb5   Thumb Code     2  startup_tm4c123.o(.text)
    ADC1SS3_Handler                          0x00002cb7   Thumb Code     2  startup_tm4c123.o(.text)
    GPIOJ_Handler                            0x00002cb9   Thumb Code     2  startup_tm4c123.o(.text)
    GPIOK_Handler                            0x00002cbb   Thumb Code     2  startup_tm4c123.o(.text)
    GPIOL_Handler                            0x00002cbd   Thumb Code     2  startup_tm4c123.o(.text)
    SSI2_Handler                             0x00002cbf   Thumb Code     2  startup_tm4c123.o(.text)
    SSI3_Handler                             0x00002cc1   Thumb Code     2  startup_tm4c123.o(.text)
    UART3_Handler                            0x00002cc3   Thumb Code     2  startup_tm4c123.o(.text)
    UART4_Handler                            0x00002cc5   Thumb Code     2  startup_tm4c123.o(.text)
    UART5_Handler                            0x00002cc7   Thumb Code     2  startup_tm4c123.o(.text)
    UART6_Handler                            0x00002cc9   Thumb Code     2  startup_tm4c123.o(.text)
    UART7_Handler                            0x00002ccb   Thumb Code     2  startup_tm4c123.o(.text)
    I2C2_Handler                             0x00002ccd   Thumb Code     2  startup_tm4c123.o(.text)
    I2C3_Handler                             0x00002ccf   Thumb Code     2  startup_tm4c123.o(.text)
    TIMER4A_Handler                          0x00002cd1   Thumb Code     2  startup_tm4c123.o(.text)
    TIMER4B_Handler                          0x00002cd3   Thumb Code     2  startup_tm4c123.o(.text)
    TIMER5A_Handler                          0x00002cd5   Thumb Code     2  startup_tm4c123.o(.text)
    TIMER5B_Handler                          0x00002cd7   Thumb Code     2  startup_tm4c123.o(.text)
    WTIMER0A_Handler                         0x00002cd9   Thumb Code     2  startup_tm4c123.o(.text)
    WTIMER0B_Handler                         0x00002cdb   Thumb Code     2  startup_tm4c123.o(.text)
    WTIMER1A_Handler                         0x00002cdd   Thumb Code     2  startup_tm4c123.o(.text)
    WTIMER1B_Handler                         0x00002cdf   Thumb Code     2  startup_tm4c123.o(.text)
    WTIMER2A_Handler                         0x00002ce1   Thumb Code     2  startup_tm4c123.o(.text)
    WTIMER2B_Handler                         0x00002ce3   Thumb Code     2  startup_tm4c123.o(.text)
    WTIMER3A_Handler                         0x00002ce5   Thumb Code     2  startup_tm4c123.o(.text)
    WTIMER3B_Handler                         0x00002ce7   Thumb Code     2  startup_tm4c123.o(.text)
    WTIMER4A_Handler                         0x00002ce9   Thumb Code     2  startup_tm4c123.o(.text)
    WTIMER4B_Handler                         0x00002ceb   Thumb Code     2  startup_tm4c123.o(.text)
    WTIMER5A_Handler                         0x00002ced   Thumb Code     2  startup_tm4c123.o(.text)
    WTIMER5B_Handler                         0x00002cef   Thumb Code     2  startup_tm4c123.o(.text)
    FPU_Handler                              0x00002cf1   Thumb Code     2  startup_tm4c123.o(.text)
    I2C4_Handler                             0x00002cf3   Thumb Code     2  startup_tm4c123.o(.text)
    I2C5_Handler                             0x00002cf5   Thumb Code     2  startup_tm4c123.o(.text)
    GPIOM_Handler                            0x00002cf7   Thumb Code     2  startup_tm4c123.o(.text)
    GPION_Handler                            0x00002cf9   Thumb Code     2  startup_tm4c123.o(.text)
    QEI2_Handler                             0x00002cfb   Thumb Code     2  startup_tm4c123.o(.text)
    GPIOP0_Handler                           0x00002cfd   Thumb Code     2  startup_tm4c123.o(.text)
    GPIOP1_Handler                           0x00002cff   Thumb Code     2  startup_tm4c123.o(.text)
    GPIOP2_Handler                           0x00002d01   Thumb Code     2  startup_tm4c123.o(.text)
    GPIOP3_Handler                           0x00002d03   Thumb Code     2  startup_tm4c123.o(.text)
    GPIOP4_Handler                           0x00002d05   Thumb Code     2  startup_tm4c123.o(.text)
    GPIOP5_Handler                           0x00002d07   Thumb Code     2  startup_tm4c123.o(.text)
    GPIOP6_Handler                           0x00002d09   Thumb Code     2  startup_tm4c123.o(.text)
    GPIOP7_Handler                           0x00002d0b   Thumb Code     2  startup_tm4c123.o(.text)
    GPIOQ0_Handler                           0x00002d0d   Thumb Code     2  startup_tm4c123.o(.text)
    GPIOQ1_Handler                           0x00002d0f   Thumb Code     2  startup_tm4c123.o(.text)
    GPIOQ2_Handler                           0x00002d11   Thumb Code     2  startup_tm4c123.o(.text)
    GPIOQ3_Handler                           0x00002d13   Thumb Code     2  startup_tm4c123.o(.text)
    GPIOQ4_Handler                           0x00002d15   Thumb Code     2  startup_tm4c123.o(.text)
    GPIOQ5_Handler                           0x00002d17   Thumb Code     2  startup_tm4c123.o(.text)
    GPIOQ6_Handler                           0x00002d19   Thumb Code     2  startup_tm4c123.o(.text)
    GPIOQ7_Handler                           0x00002d1b   Thumb Code     2  startup_tm4c123.o(.text)
    GPIOR_Handler                            0x00002d1d   Thumb Code     2  startup_tm4c123.o(.text)
    GPIOS_Handler                            0x00002d1f   Thumb Code     2  startup_tm4c123.o(.text)
    PMW1_0_Handler                           0x00002d21   Thumb Code     2  startup_tm4c123.o(.text)
    PWM1_1_Handler                           0x00002d23   Thumb Code     2  startup_tm4c123.o(.text)
    PWM1_2_Handler                           0x00002d25   Thumb Code     2  startup_tm4c123.o(.text)
    PWM1_3_Handler                           0x00002d27   Thumb Code     2  startup_tm4c123.o(.text)
    PWM1_FAULT_Handler                       0x00002d29   Thumb Code     2  startup_tm4c123.o(.text)
    SystemCoreClockUpdate                    0x00002deb   Thumb Code   184  system_tm4c123.o(.text)
    SystemInit                               0x00002ea3   Thumb Code   112  system_tm4c123.o(.text)
    __aeabi_memcpy                           0x00002f85   Thumb Code    36  memcpya.o(.text)
    __aeabi_memcpy4                          0x00002f85   Thumb Code     0  memcpya.o(.text)
    __aeabi_memcpy8                          0x00002f85   Thumb Code     0  memcpya.o(.text)
    __aeabi_d2iz                             0x00002fa9   Thumb Code    62  dfixi.o(.text)
    __aeabi_uidiv                            0x00002fe7   Thumb Code     0  uidiv.o(.text)
    __aeabi_uidivmod                         0x00002fe7   Thumb Code    44  uidiv.o(.text)
    __aeabi_llsr                             0x00003013   Thumb Code    32  llushr.o(.text)
    _ll_ushift_r                             0x00003013   Thumb Code     0  llushr.o(.text)
    __I$use$fp                               0x00003033   Thumb Code     0  iusefp.o(.text)
    __aeabi_dadd                             0x00003033   Thumb Code   322  dadd.o(.text)
    __aeabi_dsub                             0x00003175   Thumb Code     6  dadd.o(.text)
    __aeabi_drsub                            0x0000317b   Thumb Code     6  dadd.o(.text)
    __aeabi_cdrcmple                         0x00003181   Thumb Code    38  cdrcmple.o(.text)
    __scatterload                            0x000031a9   Thumb Code    28  init.o(.text)
    __scatterload_rt2                        0x000031a9   Thumb Code     0  init.o(.text)
    __aeabi_llsl                             0x000031cd   Thumb Code    30  llshl.o(.text)
    _ll_shift_l                              0x000031cd   Thumb Code     0  llshl.o(.text)
    __aeabi_lasr                             0x000031eb   Thumb Code    36  llsshr.o(.text)
    _ll_sshift_r                             0x000031eb   Thumb Code     0  llsshr.o(.text)
    _double_round                            0x0000320f   Thumb Code    26  depilogue.o(.text)
    _double_epilogue                         0x00003229   Thumb Code   156  depilogue.o(.text)
    __0printf$3                              0x000032c5   Thumb Code    22  printf3.o(i.__0printf$3)
    __1printf$3                              0x000032c5   Thumb Code     0  printf3.o(i.__0printf$3)
    __2printf                                0x000032c5   Thumb Code     0  printf3.o(i.__0printf$3)
    __hardfp_floor                           0x000032e9   Thumb Code   252  floor.o(i.__hardfp_floor)
    __scatterload_copy                       0x00003401   Thumb Code    14  handlers.o(i.__scatterload_copy)
    __scatterload_null                       0x0000340f   Thumb Code     2  handlers.o(i.__scatterload_null)
    __scatterload_zeroinit                   0x00003411   Thumb Code    14  handlers.o(i.__scatterload_zeroinit)
    malloc                                   0x000035d9   Thumb Code    92  malloc.o(i.malloc)
    sitkaSmall_12ptBitmaps                   0x00003644   Data        4560  fonts.o(.constdata)
    imageBitmaps                             0x00004814   Data        4862  lcd_images.o(.constdata)
    imageWidthPixels                         0x00005b12   Data           1  lcd_images.o(.constdata)
    imageHeightPixels                        0x00005b13   Data           1  lcd_images.o(.constdata)
    charmanderBitmaps                        0x00005b14   Data         195  lcd_images.o(.constdata)
    charmanderWidthPixels                    0x00005bd7   Data           1  lcd_images.o(.constdata)
    charmanderHeightPixels                   0x00005bd8   Data           1  lcd_images.o(.constdata)
    squirtleBitmaps                          0x00005bd9   Data         195  lcd_images.o(.constdata)
    squirtleWidthPixels                      0x00005c9c   Data           1  lcd_images.o(.constdata)
    squirtleHeightPixels                     0x00005c9d   Data           1  lcd_images.o(.constdata)
    pikachuBitmaps                           0x00005c9e   Data         195  lcd_images.o(.constdata)
    pikachuWidthPixels                       0x00005d61   Data           1  lcd_images.o(.constdata)
    pikachuHeightPixels                      0x00005d62   Data           1  lcd_images.o(.constdata)
    sboxBitmaps                              0x00005d63   Data         650  lcd_images.o(.constdata)
    sboxWidthPixels                          0x00005fed   Data           1  lcd_images.o(.constdata)
    sboxHeightPixels                         0x00005fee   Data           1  lcd_images.o(.constdata)
    bullBitmaps                              0x00005fef   Data          14  lcd_images.o(.constdata)
    bullWidthPixels                          0x00005ffd   Data           1  lcd_images.o(.constdata)
    bullHeightPixels                         0x00005ffe   Data           1  lcd_images.o(.constdata)
    Region$$Table$$Base                      0x000060d8   Number         0  anon$$obj.o(Region$$Table)
    Region$$Table$$Limit                     0x000060f8   Number         0  anon$$obj.o(Region$$Table)
    individual_1                             0x20000005   Data          24  main.o(.data)
    individual_2                             0x2000001d   Data          25  main.o(.data)
    group                                    0x20000036   Data          16  main.o(.data)
    individual_1_id                          0x20000046   Data           5  main.o(.data)
    individual_2_id                          0x2000004b   Data           5  main.o(.data)
    me                                       0x20000050   Data           1  main.o(.data)
    isWirelessGood                           0x20000051   Data           1  main.o(.data)
    ALERT_10MS                               0x20000064   Data           1  timers.o(.data)
    WIRELESS_RX_ALERT                        0x2000006b   Data           1  wireless_driver.o(.data)
    wireless_error_messages                  0x20000074   Data          24  wireless.o(.data)
    data                                     0x2000008c   Data           4  wireless.o(.data)
    reg                                      0x20000090   Data           1  wireless.o(.data)
    SystemCoreClock                          0x20000094   Data           4  system_tm4c123.o(.data)
    __stdout                                 0x20000098   Data           4  stdout.o(.data)
    __microlib_freelist                      0x2000009c   Data           4  mvars.o(.data)
    __microlib_freelist_initialised          0x200000a0   Data           4  mvars.o(.data)
    wireless_info                            0x200000a4   Data          16  wireless_driver.o(.bss)
    UART0_Tx_Buffer                          0x200000b4   Data          14  serial_debug.o(.bss)
    UART0_Rx_Buffer                          0x200000c2   Data          14  serial_debug.o(.bss)
    __heap_base                              0x200000d0   Data           0  startup_tm4c123.o(HEAP)
    __heap_limit                             0x200000d0   Data           0  startup_tm4c123.o(HEAP)
    __initial_sp                             0x200010d0   Data           0  startup_tm4c123.o(STACK)



==============================================================================

Memory Map of the image

  Image Entry point : 0x00002c39

  Load Region LR_1 (Base: 0x00000000, Size: 0x0000619c, Max: 0xffffffff, ABSOLUTE)

    Execution Region ER_RO (Base: 0x00000000, Size: 0x000060f8, Max: 0xffffffff, ABSOLUTE)

    Base Addr    Size         Type   Attr      Idx    E Section Name        Object

    0x00000000   0x0000026c   Data   RO          672    RESET               startup_tm4c123.o
    0x0000026c   0x00000000   Code   RO          709  * .ARM.Collect$$$$00000000  mc_w.l(entry.o)
    0x0000026c   0x00000004   Code   RO         1008    .ARM.Collect$$$$00000001  mc_w.l(entry2.o)
    0x00000270   0x00000004   Code   RO         1011    .ARM.Collect$$$$00000004  mc_w.l(entry5.o)
    0x00000274   0x00000000   Code   RO         1013    .ARM.Collect$$$$00000008  mc_w.l(entry7b.o)
    0x00000274   0x00000000   Code   RO         1015    .ARM.Collect$$$$0000000A  mc_w.l(entry8b.o)
    0x00000274   0x00000008   Code   RO         1016    .ARM.Collect$$$$0000000B  mc_w.l(entry9a.o)
    0x0000027c   0x00000000   Code   RO         1018    .ARM.Collect$$$$0000000D  mc_w.l(entry10a.o)
    0x0000027c   0x00000000   Code   RO         1020    .ARM.Collect$$$$0000000F  mc_w.l(entry11a.o)
    0x0000027c   0x00000004   Code   RO         1009    .ARM.Collect$$$$00002712  mc_w.l(entry2.o)
    0x00000280   0x00000370   Code   RO            3    .text               main.o
    0x000005f0   0x00000120   Code   RO          148    .text               game_ui.o
    0x00000710   0x000001f4   Code   RO          172    .text               utils.o
    0x00000904   0x000000d0   Code   RO          193    .text               adc.o
    0x000009d4   0x000002cc   Code   RO          217    .text               gpio_port.o
    0x00000ca0   0x00000208   Code   RO          237    .text               i2c.o
    0x00000ea8   0x0000007c   Code   RO          255    .text               pc_buffer.o
    0x00000f24   0x0000018c   Code   RO          272    .text               spi.o
    0x000010b0   0x00000290   Code   RO          292    .text               timers.o
    0x00001340   0x0000027c   Code   RO          319    .text               uart.o
    0x000015bc   0x0000013c   Code   RO          339    .text               fonts.o
    0x000016f8   0x00000120   Code   RO          369    .text               interrupts.o
    0x00001818   0x00000100   Code   RO          393    .text               wireless_driver.o
    0x00001918   0x000001c0   Code   RO          429    .text               eeprom.o
    0x00001ad8   0x000000c4   Code   RO          472    .text               launchpad_io.o
    0x00001b9c   0x000004e0   Code   RO          492    .text               lcd.o
    0x0000207c   0x00000068   Code   RO          524    .text               ps2.o
    0x000020e4   0x00000204   Code   RO          549    .text               serial_debug.o
    0x000022e8   0x0000009c   Code   RO          581    .text               spi_select.o
    0x00002384   0x00000688   Code   RO          601    .text               wireless.o
    0x00002a0c   0x0000022c   Code   RO          652    .text               mcp23017.o
    0x00002c38   0x000000fc   Code   RO          673  * .text               startup_tm4c123.o
    0x00002d34   0x00000250   Code   RO          679    .text               system_tm4c123.o
    0x00002f84   0x00000024   Code   RO          713    .text               mc_w.l(memcpya.o)
    0x00002fa8   0x0000003e   Code   RO         1006    .text               mf_w.l(dfixi.o)
    0x00002fe6   0x0000002c   Code   RO         1022    .text               mc_w.l(uidiv.o)
    0x00003012   0x00000020   Code   RO         1026    .text               mc_w.l(llushr.o)
    0x00003032   0x00000000   Code   RO         1030    .text               mc_w.l(iusefp.o)
    0x00003032   0x0000014e   Code   RO         1031    .text               mf_w.l(dadd.o)
    0x00003180   0x00000028   Code   RO         1039    .text               mf_w.l(cdrcmple.o)
    0x000031a8   0x00000024   Code   RO         1041    .text               mc_w.l(init.o)
    0x000031cc   0x0000001e   Code   RO         1043    .text               mc_w.l(llshl.o)
    0x000031ea   0x00000024   Code   RO         1045    .text               mc_w.l(llsshr.o)
    0x0000320e   0x000000b6   Code   RO         1047    .text               mf_w.l(depilogue.o)
    0x000032c4   0x00000020   Code   RO          806    i.__0printf$3       mc_w.l(printf3.o)
    0x000032e4   0x00000004   PAD
    0x000032e8   0x00000118   Code   RO          703    i.__hardfp_floor    m_wm.l(floor.o)
    0x00003400   0x0000000e   Code   RO         1051    i.__scatterload_copy  mc_w.l(handlers.o)
    0x0000340e   0x00000002   Code   RO         1052    i.__scatterload_null  mc_w.l(handlers.o)
    0x00003410   0x0000000e   Code   RO         1053    i.__scatterload_zeroinit  mc_w.l(handlers.o)
    0x0000341e   0x00000002   PAD
    0x00003420   0x000001b8   Code   RO          813    i._printf_core      mc_w.l(printf3.o)
    0x000035d8   0x0000006c   Code   RO          979    i.malloc            mc_w.l(malloc.o)
    0x00003644   0x000011d0   Data   RO          340    .constdata          fonts.o
    0x00004814   0x000017eb   Data   RO          510    .constdata          lcd_images.o
    0x00005fff   0x00000001   PAD
    0x00006000   0x00000056   Data   RO          370    .conststring        interrupts.o
    0x00006056   0x00000002   PAD
    0x00006058   0x0000007f   Data   RO          602    .conststring        wireless.o
    0x000060d7   0x00000001   PAD
    0x000060d8   0x00000020   Data   RO         1049    Region$$Table       anon$$obj.o


    Execution Region ER_RW (Base: 0x20000000, Size: 0x000000a4, Max: 0xffffffff, ABSOLUTE)

    Base Addr    Size         Type   Attr      Idx    E Section Name        Object

    0x20000000   0x00000052   Data   RW            4    .data               main.o
    0x20000052   0x00000012   Data   RW          173    .data               utils.o
    0x20000064   0x00000001   Data   RW          293    .data               timers.o
    0x20000065   0x00000001   PAD
    0x20000066   0x00000005   Data   RW          371    .data               interrupts.o
    0x2000006b   0x00000001   Data   RW          395    .data               wireless_driver.o
    0x2000006c   0x00000005   Data   RW          525    .data               ps2.o
    0x20000071   0x00000002   Data   RW          551    .data               serial_debug.o
    0x20000073   0x00000001   PAD
    0x20000074   0x0000001d   Data   RW          603    .data               wireless.o
    0x20000091   0x00000003   PAD
    0x20000094   0x00000004   Data   RW          680    .data               system_tm4c123.o
    0x20000098   0x00000004   Data   RW          712    .data               mc_w.l(stdout.o)
    0x2000009c   0x00000004   Data   RW         1028    .data               mc_w.l(mvars.o)
    0x200000a0   0x00000004   Data   RW         1029    .data               mc_w.l(mvars.o)


    Execution Region ER_ZI (Base: 0x200000a4, Size: 0x0000102c, Max: 0xffffffff, ABSOLUTE)

    Base Addr    Size         Type   Attr      Idx    E Section Name        Object

    0x200000a4   0x00000010   Zero   RW          394    .bss                wireless_driver.o
    0x200000b4   0x0000001c   Zero   RW          550    .bss                serial_debug.o
    0x200000d0   0x00000000   Zero   RW          671    HEAP                startup_tm4c123.o
    0x200000d0   0x00001000   Zero   RW          670    STACK               startup_tm4c123.o


==============================================================================

Image component sizes


      Code (inc. data)   RO Data    RW Data    ZI Data      Debug   Object Name

       208         22          0          0          0      27816   adc.o
       448          6          0          0          0       1993   eeprom.o
       316         14       4560          0          0       1916   fonts.o
       288         92          0          0          0        638   game_ui.o
       716         32          0          0          0       4874   gpio_port.o
       520         24          0          0          0       3465   i2c.o
       288        100         86          5          0       1858   interrupts.o
       196         24          0          0          0       1754   launchpad_io.o
      1248         24          0          0          0       3244   lcd.o
         0          0       6123          0          0       1434   lcd_images.o
       880        452          0         82          0      37997   main.o
       556          0          0          0          0       3187   mcp23017.o
       124          0          0          0          0       1827   pc_buffer.o
       104         22          0          5          0       1841   ps2.o
       516         26          0          2         28       5605   serial_debug.o
       396         24          0          0          0       1765   spi.o
       156          8          0          0          0        845   spi_select.o
       252         10        620          0       4096       5412   startup_tm4c123.o
       592        138          0          4          0       1485   system_tm4c123.o
       656         36          0          1          0      29179   timers.o
       636         50          0          0          0       3296   uart.o
       500         40          0         18          0       1656   utils.o
      1672        204        127         29          0      12829   wireless.o
       256         16          0          1         16       2197   wireless_driver.o

    ----------------------------------------------------------------------
     11524       1364      11552        152       4140     158113   Object Totals
         0          0         32          0          0          0   (incl. Generated)
         0          0          4          5          0          0   (incl. Padding)

    ----------------------------------------------------------------------

      Code (inc. data)   RO Data    RW Data    ZI Data      Debug   Library Member Name

       280         28          0          0          0        156   floor.o
         0          0          0          0          0          0   entry.o
         0          0          0          0          0          0   entry10a.o
         0          0          0          0          0          0   entry11a.o
         8          4          0          0          0          0   entry2.o
         4          0          0          0          0          0   entry5.o
         0          0          0          0          0          0   entry7b.o
         0          0          0          0          0          0   entry8b.o
         8          4          0          0          0          0   entry9a.o
        30          0          0          0          0          0   handlers.o
        36          8          0          0          0         68   init.o
         0          0          0          0          0          0   iusefp.o
        30          0          0          0          0         68   llshl.o
        36          0          0          0          0         68   llsshr.o
        32          0          0          0          0         68   llushr.o
       108         16          0          0          0         84   malloc.o
        36          0          0          0          0         68   memcpya.o
         0          0          0          8          0          0   mvars.o
       472         14          0          0          0        184   printf3.o
         0          0          0          4          0          0   stdout.o
        44          0          0          0          0         80   uidiv.o
        40          2          0          0          0         68   cdrcmple.o
       334          0          0          0          0        148   dadd.o
       182          0          0          0          0        176   depilogue.o
        62          0          0          0          0         80   dfixi.o

    ----------------------------------------------------------------------
      1748         80          0         12          0       1316   Library Totals
         6          4          0          0          0          0   (incl. Padding)

    ----------------------------------------------------------------------

      Code (inc. data)   RO Data    RW Data    ZI Data      Debug   Library Name

       280         28          0          0          0        156   m_wm.l
       844         46          0         12          0        688   mc_w.l
       618          2          0          0          0        472   mf_w.l

    ----------------------------------------------------------------------
      1748         80          0         12          0       1316   Library Totals

    ----------------------------------------------------------------------

==============================================================================


      Code (inc. data)   RO Data    RW Data    ZI Data      Debug   

     13272       1444      11552        164       4140     155961   Grand Totals
     13272       1444      11552        164       4140     155961   ELF Image Totals
     13272       1444      11552        164          0          0   ROM Totals

==============================================================================

    Total RO  Size (Code + RO Data)                24824 (  24.24kB)
    Total RW  Size (RW Data + ZI Data)              4304 (   4.20kB)
    Total ROM Size (Code + RO Data + RW Data)      24988 (  24.40kB)

==============================================================================

