Product: MDK-ARM Lite 5.10
Component: ARM Compiler 5.04 update 1 (build 49)
Tool: armlink [5040049]

==============================================================================

Section Cross References

    main.o(.text) refers to utils.o(.text) for DisableInterrupts
    main.o(.text) refers to serial_debug.o(.text) for init_serial_debug
    main.o(.text) refers to wireless_driver.o(.text) for wireless_init
    main.o(.text) refers to printf3.o(i.__0printf$3) for __2printf
    main.o(.text) refers to eeprom.o(.text) for eeprom_init
    main.o(.text) refers to lcd.o(.text) for lcd_config_gpio
    main.o(.text) refers to ft6x06.o(.text) for ft6x06_init
    main.o(.text) refers to launchpad_io.o(.text) for lp_io_init
    main.o(.text) refers to ps2.o(.text) for ps2_initialize
    main.o(.text) refers to mcp23017.o(.text) for io_expander_init
    main.o(.text) refers to timers.o(.text) for timer0_init
    main.o(.text) refers to growl_heal_move.o(.text) for growl_heal_move_screen
    main.o(.text) refers to fail_move.o(.text) for fail_move_screen
    main.o(.text) refers to dflti.o(.text) for __aeabi_i2d
    main.o(.text) refers to dmul.o(.text) for __aeabi_dmul
    main.o(.text) refers to dadd.o(.text) for __aeabi_dsub
    main.o(.text) refers to dfixi.o(.text) for __aeabi_d2iz
    main.o(.text) refers to defense_move.o(.text) for defense_move_screen
    main.o(.text) refers to attack_move.o(.text) for attack_move_screen
    main.o(.text) refers to wireless_driver.o(.data) for WIRELESS_RX_ALERT
    main.o(.text) refers to wireless.o(.data) for wireless_error_messages
    main.o(.text) refers to main.o(.bss) for obite
    main.o(.text) refers to pokemon.o(.text) for init_nonch
    main.o(.text) refers to player_selection.o(.text) for select_player_screen
    main.o(.text) refers to pokemon_selection.o(.text) for select_pokemon_screen
    main.o(.text) refers to wireless.o(.text) for wireless_configure_device
    main.o(.text) refers to waiting_room.o(.text) for waiting_room
    main.o(.text) refers to choose_attack_move.o(.text) for choose_attack_move_screen
    main.o(.text) refers to choose_defense_move.o(.text) for choose_defense_move_screen
    main.o(.text) refers to game_over.o(.text) for game_over_screen
    main.o(.text) refers to main.o(.data) for ME
    main.o(.data) refers to main.o(.conststring) for .conststring
    welcome_screen.o(.text) refers to lcd.o(.text) for lcd_clear_screen
    welcome_screen.o(.text) refers to fonts.o(.text) for lcd_print_string
    welcome_screen.o(.text) refers to welcome_screen.o(.conststring) for .conststring
    welcome_screen.o(.text) refers to lcd_images.o(.constdata) for charmanderBitmaps
    welcome_screen.o(.data) refers to welcome_screen.o(.conststring) for .conststring
    pokemon_selection.o(.text) refers to printf3.o(i.__0sprintf$3) for __2sprintf
    pokemon_selection.o(.text) refers to lcd.o(.text) for lcd_clear_screen
    pokemon_selection.o(.text) refers to fonts.o(.text) for lcd_print_string
    pokemon_selection.o(.text) refers to utils.o(.text) for draw_line
    pokemon_selection.o(.text) refers to printf3.o(i.__0printf$3) for __2printf
    pokemon_selection.o(.text) refers to pokemon_selection.o(.data) for character_names
    pokemon_selection.o(.text) refers to main.o(.data) for ME
    pokemon_selection.o(.text) refers to lcd_images.o(.constdata) for charmanderBitmaps
    pokemon_selection.o(.text) refers to ps2.o(.data) for ALERT_NEW_ADC
    pokemon_selection.o(.data) refers to pokemon_selection.o(.conststring) for .conststring
    player_selection.o(.text) refers to lcd.o(.text) for lcd_clear_screen
    player_selection.o(.text) refers to fonts.o(.text) for lcd_print_string
    player_selection.o(.text) refers to utils.o(.text) for btn_is_pressed
    player_selection.o(.text) refers to printf3.o(i.__0printf$3) for __2printf
    player_selection.o(.text) refers to ps2.o(.text) for ps2_get_y
    player_selection.o(.text) refers to main.o(.data) for ME
    player_selection.o(.text) refers to player_selection.o(.data) for character_names
    player_selection.o(.text) refers to lcd_images.o(.constdata) for pikachuBitmaps
    player_selection.o(.text) refers to ps2.o(.data) for ALERT_NEW_ADC
    player_selection.o(.data) refers to player_selection.o(.conststring) for .conststring
    attack_move.o(.text) refers to battle_position.o(.text) for battle_position
    attack_move.o(.text) refers to fonts.o(.text) for lcd_print_string
    attack_move.o(.text) refers to lcd.o(.text) for lcd_draw_image
    attack_move.o(.text) refers to timers.o(.data) for ALERT_10MS
    attack_move.o(.text) refers to lcd_images.o(.constdata) for bullBitmaps
    attack_move.o(.data) refers to attack_move.o(.conststring) for .conststring
    battle_position.o(.text) refers to lcd.o(.text) for lcd_draw_image
    battle_position.o(.data) refers to battle_position.o(.conststring) for .conststring
    choose_attack_move.o(.text) refers to memcpya.o(.text) for __aeabi_memcpy4
[...]
    printfa.o(i.__0vsnprintf) refers (Special) to iusefp.o(.text) for __I$use$fp
    printfa.o(i.__0vsnprintf) refers to printfa.o(i._printf_core) for _printf_core
    printfa.o(i.__0vsnprintf) refers to printfa.o(i._snputc) for _snputc
    printfa.o(i.__0vsprintf) refers (Special) to iusefp.o(.text) for __I$use$fp
    printfa.o(i.__0vsprintf) refers to printfa.o(i._printf_core) for _printf_core
    printfa.o(i.__0vsprintf) refers to printfa.o(i._sputc) for _sputc
    printfa.o(i._fp_digits) refers (Special) to iusefp.o(.text) for __I$use$fp
    printfa.o(i._fp_digits) refers to dmul.o(.text) for __aeabi_dmul
    printfa.o(i._fp_digits) refers to ddiv.o(.text) for __aeabi_ddiv
    printfa.o(i._fp_digits) refers to cdrcmple.o(.text) for __aeabi_cdrcmple
    printfa.o(i._fp_digits) refers to dadd.o(.text) for __aeabi_dadd
    printfa.o(i._fp_digits) refers to dfixul.o(.text) for __aeabi_d2ulz
    printfa.o(i._fp_digits) refers to uldiv.o(.text) for __aeabi_uldivmod
    printfa.o(i._printf_core) refers (Special) to iusefp.o(.text) for __I$use$fp
    printfa.o(i._printf_core) refers to printfa.o(i._printf_pre_padding) for _printf_pre_padding
    printfa.o(i._printf_core) refers to uldiv.o(.text) for __aeabi_uldivmod
    printfa.o(i._printf_core) refers to printfa.o(i._printf_post_padding) for _printf_post_padding
    printfa.o(i._printf_core) refers to printfa.o(i._fp_digits) for _fp_digits
    printfa.o(i._printf_core) refers to uidiv.o(.text) for __aeabi_uidivmod
    printfa.o(i._printf_post_padding) refers (Special) to iusefp.o(.text) for __I$use$fp
    printfa.o(i._printf_pre_padding) refers (Special) to iusefp.o(.text) for __I$use$fp
    printfa.o(i._snputc) refers (Special) to iusefp.o(.text) for __I$use$fp
    printfa.o(i._sputc) refers (Special) to iusefp.o(.text) for __I$use$fp
    malloc.o(i.free) refers to mvars.o(.data) for __microlib_freelist
    malloc.o(i.malloc) refers to mvars.o(.data) for __microlib_freelist_initialised
    malloc.o(i.malloc) refers to mvars.o(.data) for __microlib_freelist
    malloc.o(i.malloc) refers to startup_tm4c123.o(HEAP) for __heap_base
    mallocr.o(i.__free$realloc) refers to mvars.o(.data) for __microlib_freelist
    mallocr.o(i.__malloc$realloc) refers to mallocr.o(i.internal_alloc) for internal_alloc
    mallocr.o(i.__malloc$realloc) refers to mvars.o(.data) for __microlib_freelist_initialised
    mallocr.o(i.__malloc$realloc) refers to startup_tm4c123.o(HEAP) for __heap_base
    mallocr.o(i.__malloc$realloc) refers to mvars.o(.data) for __microlib_freelist
    mallocr.o(i.internal_alloc) refers to memcpya.o(.text) for __aeabi_memcpy
    mallocr.o(i.internal_alloc) refers to mvars.o(.data) for __microlib_freelist
    mallocr.o(i.realloc) refers to mallocr.o(i.__free$realloc) for __free$realloc
    mallocr.o(i.realloc) refers to mallocr.o(i.internal_alloc) for internal_alloc
    mallocr.o(i.realloc) refers to mallocr.o(i.__malloc$realloc) for __malloc$realloc
    mallocr.o(i.realloc) refers to mvars.o(.data) for __microlib_freelist
    malloca.o(i.__aligned_malloc) refers to mvars.o(.data) for __microlib_freelist_initialised
    malloca.o(i.__aligned_malloc) refers to mvars.o(.data) for __microlib_freelist
    malloca.o(i.__aligned_malloc) refers to startup_tm4c123.o(HEAP) for __heap_base
    malloca.o(i.__free$memalign) refers to mvars.o(.data) for __microlib_freelist
    malloca.o(i.__malloc$memalign) refers to malloca.o(i.__aligned_malloc) for __aligned_malloc
    mallocra.o(i.__aligned_malloc$realloc) refers to mallocra.o(i.internal_alloc) for internal_alloc
    mallocra.o(i.__aligned_malloc$realloc) refers to mvars.o(.data) for __microlib_freelist_initialised
    mallocra.o(i.__aligned_malloc$realloc) refers to startup_tm4c123.o(HEAP) for __heap_base
    mallocra.o(i.__aligned_malloc$realloc) refers to mvars.o(.data) for __microlib_freelist
    mallocra.o(i.__free$realloc$memalign) refers to mvars.o(.data) for __microlib_freelist
    mallocra.o(i.__malloc$realloc$memalign) refers to mallocra.o(i.__aligned_malloc$realloc) for __aligned_malloc$realloc
    mallocra.o(i.__realloc$memalign) refers to mallocra.o(i.__free$realloc$memalign) for __free$realloc$memalign
    mallocra.o(i.__realloc$memalign) refers to mallocra.o(i.internal_alloc) for internal_alloc
    mallocra.o(i.__realloc$memalign) refers to mallocra.o(i.__malloc$realloc$memalign) for __malloc$realloc$memalign
    mallocra.o(i.__realloc$memalign) refers to mvars.o(.data) for __microlib_freelist
    mallocra.o(i.internal_alloc) refers to memcpya.o(.text) for __aeabi_memcpy
    mallocra.o(i.internal_alloc) refers to mvars.o(.data) for __microlib_freelist
    dadd.o(.text) refers (Special) to iusefp.o(.text) for __I$use$fp
    dadd.o(.text) refers to llshl.o(.text) for __aeabi_llsl
    dadd.o(.text) refers to llsshr.o(.text) for __aeabi_lasr
    dadd.o(.text) refers to depilogue.o(.text) for _double_epilogue
    dmul.o(.text) refers (Special) to iusefp.o(.text) for __I$use$fp
    dmul.o(.text) refers to depilogue.o(.text) for _double_epilogue
    dflti.o(.text) refers (Special) to iusefp.o(.text) for __I$use$fp
    dflti.o(.text) refers to depilogue.o(.text) for _double_epilogue
    dfixi.o(.text) refers (Special) to iusefp.o(.text) for __I$use$fp
    dfixi.o(.text) refers to llushr.o(.text) for __aeabi_llsr
    entry2.o(.ARM.Collect$$$$00000001) refers to entry2.o(.ARM.Collect$$$$00002712) for __lit__00000000
    entry2.o(.ARM.Collect$$$$00002712) refers to startup_tm4c123.o(STACK) for __initial_sp
    entry2.o(__vectab_stack_and_reset_area) refers to startup_tm4c123.o(STACK) for __initial_sp
    entry2.o(__vectab_stack_and_reset_area) refers to entry.o(.ARM.Collect$$$$00000000) for __main
    entry5.o(.ARM.Collect$$$$00000004) refers to init.o(.text) for __scatterload
    entry9a.o(.ARM.Collect$$$$0000000B) refers to main.o(.text) for main
    entry9b.o(.ARM.Collect$$$$0000000C) refers to main.o(.text) for main
    uldiv.o(.text) refers to llushr.o(.text) for __aeabi_llsr
    uldiv.o(.text) refers to llshl.o(.text) for __aeabi_llsl
    depilogue.o(.text) refers to llshl.o(.text) for __aeabi_llsl
    depilogue.o(.text) refers to llushr.o(.text) for __aeabi_llsr
    ddiv.o(.text) refers to depilogue.o(.text) for _double_round
    dfixul.o(.text) refers to llushr.o(.text) for __aeabi_llsr
    dfixul.o(.text) refers to llshl.o(.text) for __aeabi_llsl
    init.o(.text) refers to entry5.o(.ARM.Collect$$$$00000004) for __main_after_scatterload


==============================================================================

Removing Unused input sections from the image.

    Removing main.o(.rev16_text), (4 bytes).
    Removing main.o(.revsh_text), (4 bytes).
    Removing welcome_screen.o(.rev16_text), (4 bytes).
    Removing welcome_screen.o(.revsh_text), (4 bytes).
    Removing welcome_screen.o(.text), (212 bytes).
    Removing welcome_screen.o(.conststring), (181 bytes).
    Removing welcome_screen.o(.data), (44 bytes).
    Removing pokemon_selection.o(.rev16_text), (4 bytes).
    Removing pokemon_selection.o(.revsh_text), (4 bytes).
    Removing player_selection.o(.rev16_text), (4 bytes).
    Removing player_selection.o(.revsh_text), (4 bytes).
    Removing attack_move.o(.rev16_text), (4 bytes).
    Removing attack_move.o(.revsh_text), (4 bytes).
    Removing attack_move.o(.conststring), (108 bytes).
    Removing attack_move.o(.data), (44 bytes).
    Removing battle_position.o(.rev16_text), (4 bytes).
    Removing battle_position.o(.revsh_text), (4 bytes).
    Removing battle_position.o(.conststring), (108 bytes).
    Removing battle_position.o(.data), (44 bytes).
    Removing choose_attack_move.o(.rev16_text), (4 bytes).
    Removing choose_attack_move.o(.revsh_text), (4 bytes).
    Removing choose_attack_move.o(.conststring), (108 bytes).
    Removing choose_attack_move.o(.data), (44 bytes).
    Removing choose_defense_move.o(.rev16_text), (4 bytes).
    Removing choose_defense_move.o(.revsh_text), (4 bytes).
    Removing choose_defense_move.o(.conststring), (108 bytes).
    Removing choose_defense_move.o(.data), (44 bytes).
    Removing defense_move.o(.rev16_text), (4 bytes).
    Removing defense_move.o(.revsh_text), (4 bytes).
    Removing defense_move.o(.conststring), (108 bytes).
    Removing defense_move.o(.data), (44 bytes).
    Removing fail_move.o(.rev16_text), (4 bytes).
    Removing fail_move.o(.revsh_text), (4 bytes).
    Removing fail_move.o(.conststring), (108 bytes).
    Removing fail_move.o(.data), (44 bytes).
    Removing game_over.o(.rev16_text), (4 bytes).
    Removing game_over.o(.revsh_text), (4 bytes).
    Removing growl_heal_move.o(.rev16_text), (4 bytes).
    Removing growl_heal_move.o(.revsh_text), (4 bytes).
    Removing pokemon.o(.rev16_text), (4 bytes).
    Removing pokemon.o(.revsh_text), (4 bytes).
    Removing pokemon.o(.conststring), (108 bytes).
    Removing pokemon.o(.data), (44 bytes).
    Removing waiting_room.o(.rev16_text), (4 bytes).
    Removing waiting_room.o(.revsh_text), (4 bytes).
    Removing adc.o(.rev16_text), (4 bytes).
    Removing adc.o(.revsh_text), (4 bytes).
    Removing gpio_port.o(.rev16_text), (4 bytes).
    Removing gpio_port.o(.revsh_text), (4 bytes).
    Removing i2c.o(.rev16_text), (4 bytes).
    Removing i2c.o(.revsh_text), (4 bytes).
    Removing spi.o(.rev16_text), (4 bytes).
    Removing spi.o(.revsh_text), (4 bytes).
    Removing timers.o(.rev16_text), (4 bytes).
    Removing timers.o(.revsh_text), (4 bytes).
    Removing uart.o(.rev16_text), (4 bytes).
    Removing uart.o(.revsh_text), (4 bytes).
    Removing fonts.o(.rev16_text), (4 bytes).
    Removing fonts.o(.revsh_text), (4 bytes).
    Removing interrupts.o(.rev16_text), (4 bytes).
    Removing interrupts.o(.revsh_text), (4 bytes).
    Removing wireless_driver.o(.rev16_text), (4 bytes).
    Removing wireless_driver.o(.revsh_text), (4 bytes).
    Removing utils.o(.rev16_text), (4 bytes).
    Removing utils.o(.revsh_text), (4 bytes).
    Removing ece353_images.o(.constdata), (5991 bytes).
    Removing eeprom.o(.rev16_text), (4 bytes).
    Removing eeprom.o(.revsh_text), (4 bytes).
    Removing ft6x06.o(.rev16_text), (4 bytes).
    Removing ft6x06.o(.revsh_text), (4 bytes).
    Removing launchpad_io.o(.rev16_text), (4 bytes).
    Removing launchpad_io.o(.revsh_text), (4 bytes).
    Removing lcd.o(.rev16_text), (4 bytes).
    Removing lcd.o(.revsh_text), (4 bytes).
    Removing ps2.o(.rev16_text), (4 bytes).
    Removing ps2.o(.revsh_text), (4 bytes).
    Removing serial_debug.o(.rev16_text), (4 bytes).
    Removing serial_debug.o(.revsh_text), (4 bytes).
    Removing spi_select.o(.rev16_text), (4 bytes).
    Removing spi_select.o(.revsh_text), (4 bytes).
    Removing wireless.o(.rev16_text), (4 bytes).
    Removing wireless.o(.revsh_text), (4 bytes).
    Removing ws2812b_ice.o(.rev16_text), (4 bytes).
    Removing ws2812b_ice.o(.revsh_text), (4 bytes).
    Removing ws2812b_ice.o(.text), (264 bytes).
    Removing ws2812b_ice.o(.data), (4 bytes).
    Removing mcp23017.o(.rev16_text), (4 bytes).
    Removing mcp23017.o(.revsh_text), (4 bytes).
    Removing system_tm4c123.o(.rev16_text), (4 bytes).
    Removing system_tm4c123.o(.revsh_text), (4 bytes).
    Removing ddiv.o(.text), (222 bytes).
    Removing dfixul.o(.text), (48 bytes).

92 unused section(s) (total 8310 bytes) removed from the image.

==============================================================================

Image Symbol Table

    Local Symbols

    Symbol Name                              Value     Ov Type        Size  Object(Section)

    RESET                                    0x00000000   Section      620  startup_tm4c123.o(RESET)
    ../clib/../cmprslib/zerorunl2.c          0x00000000   Number         0  __dczerorl2.o ABSOLUTE
    ../clib/microlib/division.c              0x00000000   Number         0  uidiv.o ABSOLUTE
    ../clib/microlib/division.c              0x00000000   Number         0  uldiv.o ABSOLUTE
    ../clib/microlib/init/entry.s            0x00000000   Number         0  entry10a.o ABSOLUTE
    ../clib/microlib/init/entry.s            0x00000000   Number         0  entry5.o ABSOLUTE
    ../clib/microlib/init/entry.s            0x00000000   Number         0  entry7a.o ABSOLUTE
    ../clib/microlib/init/entry.s            0x00000000   Number         0  entry8a.o ABSOLUTE
    ../clib/microlib/init/entry.s            0x00000000   Number         0  entry10b.o ABSOLUTE
    ../clib/microlib/init/entry.s            0x00000000   Number         0  entry11b.o ABSOLUTE
    ../clib/microlib/init/entry.s            0x00000000   Number         0  entry8b.o ABSOLUTE
    ../clib/microlib/init/entry.s            0x00000000   Number         0  entry.o ABSOLUTE
    ../clib/microlib/init/entry.s            0x00000000   Number         0  entry7b.o ABSOLUTE
    ../clib/microlib/init/entry.s            0x00000000   Number         0  entry9a.o ABSOLUTE
    ../clib/microlib/init/entry.s            0x00000000   Number         0  entry9b.o ABSOLUTE
    ../clib/microlib/init/entry.s            0x00000000   Number         0  entry11a.o ABSOLUTE
    ../clib/microlib/init/entry.s            0x00000000   Number         0  entry2.o ABSOLUTE
    ../clib/microlib/longlong.c              0x00000000   Number         0  llushr.o ABSOLUTE
    ../clib/microlib/longlong.c              0x00000000   Number         0  llshl.o ABSOLUTE
    ../clib/microlib/longlong.c              0x00000000   Number         0  llsshr.o ABSOLUTE
    ../clib/microlib/malloc/malloc.c         0x00000000   Number         0  mallocr.o ABSOLUTE
    ../clib/microlib/malloc/malloc.c         0x00000000   Number         0  malloca.o ABSOLUTE
    ../clib/microlib/malloc/malloc.c         0x00000000   Number         0  malloc.o ABSOLUTE
    ../clib/microlib/malloc/malloc.c         0x00000000   Number         0  mallocra.o ABSOLUTE
    ../clib/microlib/malloc/mvars.c          0x00000000   Number         0  mvars.o ABSOLUTE
    ../clib/microlib/printf/printf.c         0x00000000   Number         0  printf8.o ABSOLUTE
    ../clib/microlib/printf/printf.c         0x00000000   Number         0  printfb.o ABSOLUTE
    ../clib/microlib/printf/printf.c         0x00000000   Number         0  printf0.o ABSOLUTE
    ../clib/microlib/printf/printf.c         0x00000000   Number         0  printf2.o ABSOLUTE
    ../clib/microlib/printf/printf.c         0x00000000   Number         0  printfa.o ABSOLUTE
    ../clib/microlib/printf/printf.c         0x00000000   Number         0  printf7.o ABSOLUTE
    ../clib/microlib/printf/printf.c         0x00000000   Number         0  printf6.o ABSOLUTE
    ../clib/microlib/printf/printf.c         0x00000000   Number         0  printf1.o ABSOLUTE
    ../clib/microlib/printf/printf.c         0x00000000   Number         0  printf5.o ABSOLUTE
    ../clib/microlib/printf/printf.c         0x00000000   Number         0  printf4.o ABSOLUTE
    ../clib/microlib/printf/printf.c         0x00000000   Number         0  printf3.o ABSOLUTE
    ../clib/microlib/printf/stubs.s          0x00000000   Number         0  stubs.o ABSOLUTE
    ../clib/microlib/stdio/streams.c         0x00000000   Number         0  stdout.o ABSOLUTE
    ../clib/microlib/string/memcpy.c         0x00000000   Number         0  memcpya.o ABSOLUTE
    ../clib/microlib/string/memcpy.c         0x00000000   Number         0  memcpyb.o ABSOLUTE
    ../clib/microlib/stubs.s                 0x00000000   Number         0  iusefp.o ABSOLUTE
    ../fplib/microlib/fpadd.c                0x00000000   Number         0  dadd.o ABSOLUTE
    ../fplib/microlib/fpdiv.c                0x00000000   Number         0  ddiv.o ABSOLUTE
    ../fplib/microlib/fpepilogue.c           0x00000000   Number         0  depilogue.o ABSOLUTE
    ../fplib/microlib/fpfix.c                0x00000000   Number         0  dfixul.o ABSOLUTE
    ../fplib/microlib/fpfix.c                0x00000000   Number         0  dfixi.o ABSOLUTE
    ../fplib/microlib/fpflt.c                0x00000000   Number         0  dflti.o ABSOLUTE
    ../fplib/microlib/fpmul.c                0x00000000   Number         0  dmul.o ABSOLUTE
    ../mathlib/floor.c                       0x00000000   Number         0  floor.o ABSOLUTE
    ..\\drivers\\c\\adc.c                    0x00000000   Number         0  adc.o ABSOLUTE
    ..\\drivers\\c\\fonts.c                  0x00000000   Number         0  fonts.o ABSOLUTE
    ..\\drivers\\c\\gpio_port.c              0x00000000   Number         0  gpio_port.o ABSOLUTE
    ..\\drivers\\c\\i2c.c                    0x00000000   Number         0  i2c.o ABSOLUTE
    ..\\drivers\\c\\interrupts.c             0x00000000   Number         0  interrupts.o ABSOLUTE
    ..\\drivers\\c\\spi.c                    0x00000000   Number         0  spi.o ABSOLUTE
    ..\\drivers\\c\\timers.c                 0x00000000   Number         0  timers.o ABSOLUTE
    ..\\drivers\\c\\uart.c                   0x00000000   Number         0  uart.o ABSOLUTE
    ..\\drivers\\c\\utils.c                  0x00000000   Number         0  utils.o ABSOLUTE
    ..\\drivers\\c\\wireless_driver.c        0x00000000   Number         0  wireless_driver.o ABSOLUTE
    ..\\game_ui\\c\\attack_move.c            0x00000000   Number         0  attack_move.o ABSOLUTE
    ..\\game_ui\\c\\battle_position.c        0x00000000   Number         0  battle_position.o ABSOLUTE
    ..\\game_ui\\c\\choose_attack_move.c     0x00000000   Number         0  choose_attack_move.o ABSOLUTE
    ..\\game_ui\\c\\choose_defense_move.c    0x00000000   Number         0  choose_defense_move.o ABSOLUTE
    ..\\game_ui\\c\\defense_move.c           0x00000000   Number         0  defense_move.o ABSOLUTE
    ..\\game_ui\\c\\fail_move.c              0x00000000   Number         0  fail_move.o ABSOLUTE
    ..\\game_ui\\c\\game_over.c              0x00000000   Number         0  game_over.o ABSOLUTE
    ..\\game_ui\\c\\growl_heal_move.c        0x00000000   Number         0  growl_heal_move.o ABSOLUTE
    ..\\game_ui\\c\\player_selection.c       0x00000000   Number         0  player_selection.o ABSOLUTE
    ..\\game_ui\\c\\pokemon.c                0x00000000   Number         0  pokemon.o ABSOLUTE
    ..\\game_ui\\c\\pokemon_selection.c      0x00000000   Number         0  pokemon_selection.o ABSOLUTE
    ..\\game_ui\\c\\waiting_room.c           0x00000000   Number         0  waiting_room.o ABSOLUTE
    ..\\game_ui\\c\\welcome_screen.c         0x00000000   Number         0  welcome_screen.o ABSOLUTE
    ..\\peripherals\\c\\eeprom.c             0x00000000   Number         0  eeprom.o ABSOLUTE
    ..\\peripherals\\c\\ft6x06.c             0x00000000   Number         0  ft6x06.o ABSOLUTE
    ..\\peripherals\\c\\launchpad_io.c       0x00000000   Number         0  launchpad_io.o ABSOLUTE
    ..\\peripherals\\c\\lcd.c                0x00000000   Number         0  lcd.o ABSOLUTE
    ..\\peripherals\\c\\mcp23017.c           0x00000000   Number         0  mcp23017.o ABSOLUTE
    ..\\peripherals\\c\\ps2.c                0x00000000   Number         0  ps2.o ABSOLUTE
    ..\\peripherals\\c\\serial_debug.c       0x00000000   Number         0  serial_debug.o ABSOLUTE
    ..\\peripherals\\c\\spi_select.c         0x00000000   Number         0  spi_select.o ABSOLUTE
    ..\\peripherals\\c\\wireless.c           0x00000000   Number         0  wireless.o ABSOLUTE
    ..\\peripherals\\c\\ws2812b_ice.c        0x00000000   Number         0  ws2812b_ice.o ABSOLUTE
    ..\drivers\c\adc.c                       0x00000000   Number         0  adc.o ABSOLUTE
    ..\drivers\c\fonts.c                     0x00000000   Number         0  fonts.o ABSOLUTE
    ..\drivers\c\gpio_port.c                 0x00000000   Number         0  gpio_port.o ABSOLUTE
    ..\drivers\c\i2c.c                       0x00000000   Number         0  i2c.o ABSOLUTE
    ..\drivers\c\interrupts.c                0x00000000   Number         0  interrupts.o ABSOLUTE
    ..\drivers\c\pc_buffer.c                 0x00000000   Number         0  pc_buffer.o ABSOLUTE
    ..\drivers\c\spi.c                       0x00000000   Number         0  spi.o ABSOLUTE
    ..\drivers\c\timers.c                    0x00000000   Number         0  timers.o ABSOLUTE
    ..\drivers\c\uart.c                      0x00000000   Number         0  uart.o ABSOLUTE
    ..\drivers\c\utils.c                     0x00000000   Number         0  utils.o ABSOLUTE
    ..\drivers\c\wireless_driver.c           0x00000000   Number         0  wireless_driver.o ABSOLUTE
    ..\game_ui\c\attack_move.c               0x00000000   Number         0  attack_move.o ABSOLUTE
    ..\game_ui\c\battle_position.c           0x00000000   Number         0  battle_position.o ABSOLUTE
    ..\game_ui\c\choose_attack_move.c        0x00000000   Number         0  choose_attack_move.o ABSOLUTE
    ..\game_ui\c\choose_defense_move.c       0x00000000   Number         0  choose_defense_move.o ABSOLUTE
    ..\game_ui\c\defense_move.c              0x00000000   Number         0  defense_move.o ABSOLUTE
    ..\game_ui\c\fail_move.c                 0x00000000   Number         0  fail_move.o ABSOLUTE
    ..\game_ui\c\game_over.c                 0x00000000   Number         0  game_over.o ABSOLUTE
    ..\game_ui\c\growl_heal_move.c           0x00000000   Number         0  growl_heal_move.o ABSOLUTE
    ..\game_ui\c\player_selection.c          0x00000000   Number         0  player_selection.o ABSOLUTE
    ..\game_ui\c\pokemon.c                   0x00000000   Number         0  pokemon.o ABSOLUTE
    ..\game_ui\c\pokemon_selection.c         0x00000000   Number         0  pokemon_selection.o ABSOLUTE
    ..\game_ui\c\waiting_room.c              0x00000000   Number         0  waiting_room.o ABSOLUTE
    ..\game_ui\c\welcome_screen.c            0x00000000   Number         0  welcome_screen.o ABSOLUTE
    ..\peripherals\c\ece353_images.c         0x00000000   Number         0  ece353_images.o ABSOLUTE
    ..\peripherals\c\eeprom.c                0x00000000   Number         0  eeprom.o ABSOLUTE
    ..\peripherals\c\ft6x06.c                0x00000000   Number         0  ft6x06.o ABSOLUTE
    ..\peripherals\c\launchpad_io.c          0x00000000   Number         0  launchpad_io.o ABSOLUTE
    ..\peripherals\c\lcd.c                   0x00000000   Number         0  lcd.o ABSOLUTE
    ..\peripherals\c\lcd_images.c            0x00000000   Number         0  lcd_images.o ABSOLUTE
    ..\peripherals\c\mcp23017.c              0x00000000   Number         0  mcp23017.o ABSOLUTE
    ..\peripherals\c\ps2.c                   0x00000000   Number         0  ps2.o ABSOLUTE
    ..\peripherals\c\serial_debug.c          0x00000000   Number         0  serial_debug.o ABSOLUTE
    ..\peripherals\c\spi_select.c            0x00000000   Number         0  spi_select.o ABSOLUTE
    ..\peripherals\c\wireless.c              0x00000000   Number         0  wireless.o ABSOLUTE
    ..\peripherals\c\ws2812b_ice.c           0x00000000   Number         0  ws2812b_ice.o ABSOLUTE
    RTE\Device\TM4C123GH6PM\startup_TM4C123.s 0x00000000   Number         0  startup_tm4c123.o ABSOLUTE
    RTE\Device\TM4C123GH6PM\system_TM4C123.c 0x00000000   Number         0  system_tm4c123.o ABSOLUTE
    RTE\\Device\\TM4C123GH6PM\\system_TM4C123.c 0x00000000   Number         0  system_tm4c123.o ABSOLUTE
    cdrcmple.s                               0x00000000   Number         0  cdrcmple.o ABSOLUTE
    dc.s                                     0x00000000   Number         0  dc.o ABSOLUTE
    handlers.s                               0x00000000   Number         0  handlers.o ABSOLUTE
    init.s                                   0x00000000   Number         0  init.o ABSOLUTE
    main.c                                   0x00000000   Number         0  main.o ABSOLUTE
    main.c                                   0x00000000   Number         0  main.o ABSOLUTE
    .ARM.Collect$$$$00000000                 0x0000026c   Section        0  entry.o(.ARM.Collect$$$$00000000)
    .ARM.Collect$$$$00000001                 0x0000026c   Section        4  entry2.o(.ARM.Collect$$$$00000001)
    .ARM.Collect$$$$00000004                 0x00000270   Section        4  entry5.o(.ARM.Collect$$$$00000004)
    .ARM.Collect$$$$00000008                 0x00000274   Section        0  entry7b.o(.ARM.Collect$$$$00000008)
    .ARM.Collect$$$$0000000A                 0x00000274   Section        0  entry8b.o(.ARM.Collect$$$$0000000A)
    .ARM.Collect$$$$0000000B                 0x00000274   Section        8  entry9a.o(.ARM.Collect$$$$0000000B)
    .ARM.Collect$$$$0000000D                 0x0000027c   Section        0  entry10a.o(.ARM.Collect$$$$0000000D)
    .ARM.Collect$$$$0000000F                 0x0000027c   Section        0  entry11a.o(.ARM.Collect$$$$0000000F)
    .ARM.Collect$$$$00002712                 0x0000027c   Section        4  entry2.o(.ARM.Collect$$$$00002712)
    __lit__00000000                          0x0000027c   Data           4  entry2.o(.ARM.Collect$$$$00002712)
    .text                                    0x00000280   Section        0  main.o(.text)
    .text                                    0x00000a34   Section        0  pokemon_selection.o(.text)
    .text                                    0x00000ccc   Section        0  player_selection.o(.text)
    .text                                    0x00000e54   Section        0  attack_move.o(.text)
    .text                                    0x00000fe0   Section        0  battle_position.o(.text)
    .text                                    0x00001018   Section        0  choose_attack_move.o(.text)
    .text                                    0x000011d4   Section        0  choose_defense_move.o(.text)
    .text                                    0x000012a8   Section        0  defense_move.o(.text)
    .text                                    0x0000143c   Section        0  fail_move.o(.text)
    .text                                    0x000014f8   Section        0  game_over.o(.text)
    .text                                    0x00001550   Section        0  growl_heal_move.o(.text)
    .text                                    0x00001624   Section        0  pokemon.o(.text)
    .text                                    0x00001710   Section        0  waiting_room.o(.text)
    .text                                    0x0000183c   Section        0  adc.o(.text)
    .text                                    0x0000190c   Section        0  gpio_port.o(.text)
    verify_base_addr                         0x0000190d   Thumb Code    64  gpio_port.o(.text)
    .text                                    0x00001bd8   Section        0  i2c.o(.text)
    .text                                    0x00001de0   Section        0  pc_buffer.o(.text)
    .text                                    0x00001e5c   Section        0  spi.o(.text)
    .text                                    0x00001fe8   Section        0  timers.o(.text)
    NVIC_SetPriority                         0x00001fe9   Thumb Code    32  timers.o(.text)
    get_clock_masks                          0x00002009   Thumb Code   106  timers.o(.text)
    NVIC_EnableIRQ                           0x000021ff   Thumb Code    22  timers.o(.text)
    .text                                    0x00002238   Section        0  uart.o(.text)
    .text                                    0x000024b4   Section        0  fonts.o(.text)
    .text                                    0x00002604   Section        0  interrupts.o(.text)
    .text                                    0x000026c8   Section        0  wireless_driver.o(.text)
    .text                                    0x000027c8   Section        0  utils.o(.text)
    .text                                    0x00002b14   Section        0  eeprom.o(.text)
    eeprom_wait_for_write                    0x00002b15   Thumb Code    68  eeprom.o(.text)
    .text                                    0x00002cd4   Section        0  ft6x06.o(.text)
    ft6x06_set_addr                          0x00002cd5   Thumb Code    50  ft6x06.o(.text)
    ft6x06_read_data                         0x00002d07   Thumb Code    52  ft6x06.o(.text)
    .text                                    0x00002e5c   Section        0  launchpad_io.o(.text)
    .text                                    0x00002f20   Section        0  lcd.o(.text)
    delayms                                  0x00002f21   Thumb Code    26  lcd.o(.text)
    lcd_write_cmd_u8                         0x00002f3b   Thumb Code    40  lcd.o(.text)
    lcd_write_data_u8                        0x00002f63   Thumb Code    36  lcd.o(.text)
    .text                                    0x00003400   Section        0  ps2.o(.text)
    initialize_adc_gpio_pins                 0x00003401   Thumb Code    34  ps2.o(.text)
    .text                                    0x00003494   Section        0  serial_debug.o(.text)
    .text                                    0x00003698   Section        0  spi_select.o(.text)
    .text                                    0x00003734   Section        0  wireless.o(.text)
    wireless_reg_read                        0x00003743   Thumb Code    40  wireless.o(.text)
    wireless_reg_write                       0x0000376b   Thumb Code    40  wireless.o(.text)
    wireless_rx_data_payload                 0x00003793   Thumb Code    64  wireless.o(.text)
    wireless_set_rx_addr                     0x000037d3   Thumb Code   118  wireless.o(.text)
    wireless_get_status                      0x00003849   Thumb Code    32  wireless.o(.text)
    wireless_CSN_low                         0x00003c61   Thumb Code    18  wireless.o(.text)
    wireless_CSN_high                        0x00003c73   Thumb Code    18  wireless.o(.text)
    wireless_CE_low                          0x00003c85   Thumb Code    16  wireless.o(.text)
    wireless_CE_high                         0x00003c95   Thumb Code    16  wireless.o(.text)
    wireless_flush_tx_fifo                   0x00003ca5   Thumb Code    28  wireless.o(.text)
    wireless_rx_fifo_empty                   0x00003cc1   Thumb Code    24  wireless.o(.text)
    wireless_status_tx_ds_asserted           0x00003cd9   Thumb Code    16  wireless.o(.text)
    wireless_status_tx_full_asserted         0x00003ce9   Thumb Code    16  wireless.o(.text)
    wireless_clear_max_rt                    0x00003cf9   Thumb Code    12  wireless.o(.text)
    .text                                    0x00003dbc   Section        0  mcp23017.o(.text)
    wait_for_write                           0x00003dbd   Thumb Code    68  mcp23017.o(.text)
    .text                                    0x00003fe8   Section      252  startup_tm4c123.o(.text)
    $v0                                      0x00003fe8   Number         0  startup_tm4c123.o(.text)
    .text                                    0x000040e4   Section        0  system_tm4c123.o(.text)
    getOscClk                                0x000040e5   Thumb Code   182  system_tm4c123.o(.text)
    .text                                    0x00004334   Section        0  memcpya.o(.text)
    .text                                    0x00004358   Section        0  dadd.o(.text)
    .text                                    0x000044a6   Section        0  dmul.o(.text)
    .text                                    0x0000458a   Section        0  dflti.o(.text)
    .text                                    0x000045ac   Section        0  dfixi.o(.text)
    .text                                    0x000045ea   Section        0  uidiv.o(.text)
    .text                                    0x00004616   Section        0  llshl.o(.text)
    .text                                    0x00004634   Section        0  llushr.o(.text)
    .text                                    0x00004654   Section        0  llsshr.o(.text)
    .text                                    0x00004678   Section        0  depilogue.o(.text)
    .text                                    0x00004678   Section        0  iusefp.o(.text)
    .text                                    0x00004730   Section       40  cdrcmple.o(.text)
    .text                                    0x00004758   Section       36  init.o(.text)
    .text                                    0x0000477c   Section        0  __dczerorl2.o(.text)
    i.__0printf$3                            0x000047d4   Section        0  printf3.o(i.__0printf$3)
    i.__0sprintf$3                           0x000047f4   Section        0  printf3.o(i.__0sprintf$3)
    i.__hardfp_floor                         0x00004820   Section        0  floor.o(i.__hardfp_floor)
    i.__scatterload_copy                     0x00004938   Section       14  handlers.o(i.__scatterload_copy)
    i.__scatterload_null                     0x00004946   Section        2  handlers.o(i.__scatterload_null)
    i.__scatterload_zeroinit                 0x00004948   Section       14  handlers.o(i.__scatterload_zeroinit)
    i._printf_core                           0x00004958   Section        0  printf3.o(i._printf_core)
    _printf_core                             0x00004959   Thumb Code   436  printf3.o(i._printf_core)
    i._sputc                                 0x00004b10   Section        0  printf3.o(i._sputc)
    _sputc                                   0x00004b11   Thumb Code    10  printf3.o(i._sputc)
    i.malloc                                 0x00004b1c   Section        0  malloc.o(i.malloc)
    .constdata                               0x00004b88   Section     4560  fonts.o(.constdata)
    .constdata                               0x00005d58   Section     6123  lcd_images.o(.constdata)
    .conststring                             0x00007544   Section      108  main.o(.conststring)
    .conststring                             0x000075b0   Section      127  wireless.o(.conststring)
    .data                                    0x20000000   Section      123  main.o(.data)
    attack_names                             0x20000000   Data          16  main.o(.data)
    defense_names                            0x20000010   Data           8  main.o(.data)
    character_names                          0x20000018   Data           8  main.o(.data)
    pokemon_names                            0x20000020   Data          12  main.o(.data)
    .data                                    0x2000007c   Section       44  pokemon_selection.o(.data)
    attack_names                             0x2000007c   Data          16  pokemon_selection.o(.data)
    defense_names                            0x2000008c   Data           8  pokemon_selection.o(.data)
    character_names                          0x20000094   Data           8  pokemon_selection.o(.data)
    pokemon_names                            0x2000009c   Data          12  pokemon_selection.o(.data)
    .data                                    0x200000a8   Section       44  player_selection.o(.data)
    attack_names                             0x200000a8   Data          16  player_selection.o(.data)
    defense_names                            0x200000b8   Data           8  player_selection.o(.data)
    character_names                          0x200000c0   Data           8  player_selection.o(.data)
    pokemon_names                            0x200000c8   Data          12  player_selection.o(.data)
    .data                                    0x200000d4   Section       73  game_over.o(.data)
    attack_names                             0x200000d4   Data          16  game_over.o(.data)
    defense_names                            0x200000e4   Data           8  game_over.o(.data)
    character_names                          0x200000ec   Data           8  game_over.o(.data)
    pokemon_names                            0x200000f4   Data          12  game_over.o(.data)
    .data                                    0x20000120   Section       72  growl_heal_move.o(.data)
    attack_names                             0x20000120   Data          16  growl_heal_move.o(.data)
    defense_names                            0x20000130   Data           8  growl_heal_move.o(.data)
    character_names                          0x20000138   Data           8  growl_heal_move.o(.data)
    pokemon_names                            0x20000140   Data          12  growl_heal_move.o(.data)
    .data                                    0x20000168   Section       45  waiting_room.o(.data)
    attack_names                             0x20000168   Data          16  waiting_room.o(.data)
    defense_names                            0x20000178   Data           8  waiting_room.o(.data)
    character_names                          0x20000180   Data           8  waiting_room.o(.data)
    pokemon_names                            0x20000188   Data          12  waiting_room.o(.data)
    handShake                                0x20000194   Data           1  waiting_room.o(.data)
    .data                                    0x20000195   Section        1  timers.o(.data)
    .data                                    0x20000196   Section        1  wireless_driver.o(.data)
    .data                                    0x20000198   Section       26  utils.o(.data)
    sw_values                                0x20000198   Data          10  utils.o(.data)
    btn_values                               0x200001a2   Data           8  utils.o(.data)
    values                                   0x200001aa   Data           2  utils.o(.data)
    values                                   0x200001ac   Data           2  utils.o(.data)
    values                                   0x200001ae   Data           2  utils.o(.data)
    values                                   0x200001b0   Data           2  utils.o(.data)
    .data                                    0x200001b2   Section        5  ps2.o(.data)
    .data                                    0x200001b7   Section        2  serial_debug.o(.data)
    Rx_Interrupts_Enabled                    0x200001b7   Data           1  serial_debug.o(.data)
    Tx_Interrupts_Enabled                    0x200001b8   Data           1  serial_debug.o(.data)
    .data                                    0x200001bc   Section       29  wireless.o(.data)
    .data                                    0x200001dc   Section        4  system_tm4c123.o(.data)
    .data                                    0x200001e0   Section        4  stdout.o(.data)
    .data                                    0x200001e4   Section        4  mvars.o(.data)
    .data                                    0x200001e8   Section        4  mvars.o(.data)
    .bss                                     0x200001ec   Section       48  main.o(.bss)
    .bss                                     0x2000021c   Section       16  wireless_driver.o(.bss)
    .bss                                     0x2000022c   Section       28  serial_debug.o(.bss)
    HEAP                                     0x20000248   Section        0  startup_tm4c123.o(HEAP)
    STACK                                    0x20000248   Section     4096  startup_tm4c123.o(STACK)

    Global Symbols

    Symbol Name                              Value     Ov Type        Size  Object(Section)

    BuildAttributes$$THM_ISAv4$E$P$D$K$B$S$7EM$VFPi3$EXTD16$VFPS$VFMA$PE$A:L22UL41UL21$X:L11$S22US41US21$IEEE1$IW$USESV6$~STKCKD$USESV7$~SHL$OTIME$ROPI$IEEEJ$EBA8$MICROLIB$REQ8$PRES8$EABIv2 0x00000000   Number         0  anon$$obj.o ABSOLUTE
    __ARM_use_no_argv                        0x00000000   Number         0  main.o ABSOLUTE
    __Vectors                                0x00000000   Data           4  startup_tm4c123.o(RESET)
    _printf_a                                0x00000000   Number         0  stubs.o ABSOLUTE
    _printf_c                                0x00000000   Number         0  stubs.o ABSOLUTE
    _printf_charcount                        0x00000000   Number         0  stubs.o ABSOLUTE
    _printf_d                                0x00000000   Number         0  stubs.o ABSOLUTE
    _printf_e                                0x00000000   Number         0  stubs.o ABSOLUTE
    _printf_f                                0x00000000   Number         0  stubs.o ABSOLUTE
    _printf_flags                            0x00000000   Number         0  stubs.o ABSOLUTE
    _printf_fp_dec                           0x00000000   Number         0  stubs.o ABSOLUTE
    _printf_fp_hex                           0x00000000   Number         0  stubs.o ABSOLUTE
    _printf_g                                0x00000000   Number         0  stubs.o ABSOLUTE
    _printf_i                                0x00000000   Number         0  stubs.o ABSOLUTE
    _printf_int_dec                          0x00000000   Number         0  stubs.o ABSOLUTE
    _printf_l                                0x00000000   Number         0  stubs.o ABSOLUTE
    _printf_lc                               0x00000000   Number         0  stubs.o ABSOLUTE
    _printf_ll                               0x00000000   Number         0  stubs.o ABSOLUTE
    _printf_lld                              0x00000000   Number         0  stubs.o ABSOLUTE
    _printf_lli                              0x00000000   Number         0  stubs.o ABSOLUTE
    _printf_llo                              0x00000000   Number         0  stubs.o ABSOLUTE
    _printf_llu                              0x00000000   Number         0  stubs.o ABSOLUTE
    _printf_llx                              0x00000000   Number         0  stubs.o ABSOLUTE
    _printf_longlong_dec                     0x00000000   Number         0  stubs.o ABSOLUTE
    _printf_longlong_hex                     0x00000000   Number         0  stubs.o ABSOLUTE
    _printf_longlong_oct                     0x00000000   Number         0  stubs.o ABSOLUTE
    _printf_ls                               0x00000000   Number         0  stubs.o ABSOLUTE
    _printf_mbtowc                           0x00000000   Number         0  stubs.o ABSOLUTE
    _printf_n                                0x00000000   Number         0  stubs.o ABSOLUTE
    _printf_o                                0x00000000   Number         0  stubs.o ABSOLUTE
    _printf_p                                0x00000000   Number         0  stubs.o ABSOLUTE
    _printf_percent                          0x00000000   Number         0  stubs.o ABSOLUTE
    _printf_pre_padding                      0x00000000   Number         0  stubs.o ABSOLUTE
    _printf_return_value                     0x00000000   Number         0  stubs.o ABSOLUTE
    _printf_s                                0x00000000   Number         0  stubs.o ABSOLUTE
    _printf_sizespec                         0x00000000   Number         0  stubs.o ABSOLUTE
    _printf_str                              0x00000000   Number         0  stubs.o ABSOLUTE
    _printf_truncate_signed                  0x00000000   Number         0  stubs.o ABSOLUTE
    _printf_truncate_unsigned                0x00000000   Number         0  stubs.o ABSOLUTE
    _printf_u                                0x00000000   Number         0  stubs.o ABSOLUTE
    _printf_wc                               0x00000000   Number         0  stubs.o ABSOLUTE
    _printf_wctomb                           0x00000000   Number         0  stubs.o ABSOLUTE
    _printf_widthprec                        0x00000000   Number         0  stubs.o ABSOLUTE
    _printf_x                                0x00000000   Number         0  stubs.o ABSOLUTE
    __cpp_initialize__aeabi_                  - Undefined Weak Reference
    __cxa_finalize                            - Undefined Weak Reference
    _clock_init                               - Undefined Weak Reference
    _microlib_exit                            - Undefined Weak Reference
    __Vectors_End                            0x0000026c   Data           0  startup_tm4c123.o(RESET)
    __Vectors_Size                           0x0000026c   Number         0  startup_tm4c123.o ABSOLUTE
    __main                                   0x0000026d   Thumb Code     0  entry.o(.ARM.Collect$$$$00000000)
    _main_stk                                0x0000026d   Thumb Code     0  entry2.o(.ARM.Collect$$$$00000001)
    _main_scatterload                        0x00000271   Thumb Code     0  entry5.o(.ARM.Collect$$$$00000004)
    __main_after_scatterload                 0x00000275   Thumb Code     0  entry5.o(.ARM.Collect$$$$00000004)
    _main_clock                              0x00000275   Thumb Code     0  entry7b.o(.ARM.Collect$$$$00000008)
    _main_cpp_init                           0x00000275   Thumb Code     0  entry8b.o(.ARM.Collect$$$$0000000A)
    _main_init                               0x00000275   Thumb Code     0  entry9a.o(.ARM.Collect$$$$0000000B)
    __rt_final_cpp                           0x0000027d   Thumb Code     0  entry10a.o(.ARM.Collect$$$$0000000D)
    __rt_final_exit                          0x0000027d   Thumb Code     0  entry11a.o(.ARM.Collect$$$$0000000F)
    initialize_hardware                      0x00000281   Thumb Code   126  main.o(.text)
    getOpponentMove                          0x000002ff   Thumb Code    64  main.o(.text)
    sendMyMove                               0x0000033f   Thumb Code    44  main.o(.text)
    defense_handler                          0x0000036b   Thumb Code   310  main.o(.text)
    setDefense                               0x000004a1   Thumb Code    32  main.o(.text)
    attack_handler                           0x000004c1   Thumb Code   628  main.o(.text)
    setAttack                                0x00000735   Thumb Code    56  main.o(.text)
    main                                     0x0000076d   Thumb Code   518  main.o(.text)
    select_pokemon_screen_init               0x00000a35   Thumb Code   196  pokemon_selection.o(.text)
    pikachu_i_choose_you                     0x00000af9   Thumb Code   164  pokemon_selection.o(.text)
    select_pokemon_screen                    0x00000b9d   Thumb Code   154  pokemon_selection.o(.text)
    select_player_screen                     0x00000ccd   Thumb Code   304  player_selection.o(.text)
    attack_move_screen                       0x00000e55   Thumb Code   370  attack_move.o(.text)
    battle_position                          0x00000fe1   Thumb Code    56  battle_position.o(.text)
    choose_attack_move_screen                0x00001019   Thumb Code   360  choose_attack_move.o(.text)
    choose_defense_move_screen               0x000011d5   Thumb Code   160  choose_defense_move.o(.text)
    defense_move_screen                      0x000012a9   Thumb Code   380  defense_move.o(.text)
    fail_move_screen                         0x0000143d   Thumb Code   162  fail_move.o(.text)
    game_over_screen                         0x000014f9   Thumb Code    76  game_over.o(.text)
    growl_heal_move_screen                   0x00001551   Thumb Code   194  growl_heal_move.o(.text)
    setPokeStruct                            0x00001625   Thumb Code   124  pokemon.o(.text)
    init_nonch                               0x000016a1   Thumb Code    36  pokemon.o(.text)
    player_handler                           0x00001711   Thumb Code   134  waiting_room.o(.text)
    waiting_room                             0x00001797   Thumb Code    60  waiting_room.o(.text)
    initialize_adc                           0x0000183d   Thumb Code   186  adc.o(.text)
    gpio_get_irq_num                         0x0000194d   Thumb Code    74  gpio_port.o(.text)
    gpio_enable_port                         0x00001997   Thumb Code   156  gpio_port.o(.text)
    gpio_config_digital_enable               0x00001a33   Thumb Code    34  gpio_port.o(.text)
    gpio_config_enable_output                0x00001a55   Thumb Code    34  gpio_port.o(.text)
    gpio_config_enable_input                 0x00001a77   Thumb Code    34  gpio_port.o(.text)
    gpio_config_enable_pullup                0x00001a99   Thumb Code    34  gpio_port.o(.text)
    gpio_config_enable_pulldown              0x00001abb   Thumb Code    34  gpio_port.o(.text)
    gpio_config_analog_enable                0x00001add   Thumb Code    34  gpio_port.o(.text)
    gpio_config_alternate_function           0x00001aff   Thumb Code    34  gpio_port.o(.text)
    gpio_config_port_control                 0x00001b21   Thumb Code    44  gpio_port.o(.text)
    gpio_config_open_drain                   0x00001b4d   Thumb Code    34  gpio_port.o(.text)
    gpio_config_falling_edge_irq             0x00001b6f   Thumb Code    74  gpio_port.o(.text)
    initializeI2CMaster                      0x00001bd9   Thumb Code   160  i2c.o(.text)
    i2cVerifyBaseAddr                        0x00001c79   Thumb Code    36  i2c.o(.text)
    i2cSetSlaveAddr                          0x00001c9d   Thumb Code    30  i2c.o(.text)
    i2cStop                                  0x00001cbb   Thumb Code    26  i2c.o(.text)
    I2CMasterBusy                            0x00001cd5   Thumb Code    34  i2c.o(.text)
    I2CMasterAdrAck                          0x00001cf7   Thumb Code    34  i2c.o(.text)
    I2CMasterDatAck                          0x00001d19   Thumb Code    34  i2c.o(.text)
    i2cSendByte                              0x00001d3b   Thumb Code    82  i2c.o(.text)
    i2cGetByte                               0x00001d8d   Thumb Code    60  i2c.o(.text)
    pc_buffer_init                           0x00001de1   Thumb Code    26  pc_buffer.o(.text)
    pc_buffer_add                            0x00001dfb   Thumb Code    28  pc_buffer.o(.text)
    pc_buffer_remove                         0x00001e17   Thumb Code    30  pc_buffer.o(.text)
    pc_buffer_empty                          0x00001e35   Thumb Code    18  pc_buffer.o(.text)
    pc_buffer_full                           0x00001e47   Thumb Code    22  pc_buffer.o(.text)
    spiVerifyBaseAddr                        0x00001e5d   Thumb Code    34  spi.o(.text)
    initialize_spi                           0x00001e7f   Thumb Code   244  spi.o(.text)
    spiTx                                    0x00001f73   Thumb Code    94  spi.o(.text)
    timer0_init                              0x00002073   Thumb Code   196  timers.o(.text)
    timer1_init                              0x00002137   Thumb Code   116  timers.o(.text)
    watchdog_init                            0x000021ab   Thumb Code    74  timers.o(.text)
    pet_wd                                   0x000021f5   Thumb Code    10  timers.o(.text)
    verify_uart_base                         0x00002239   Thumb Code    54  uart.o(.text)
    uart_get_rcgc_mask                       0x0000226f   Thumb Code    68  uart.o(.text)
    uart_get_pr_mask                         0x000022b3   Thumb Code    68  uart.o(.text)
    uart_get_irq_num                         0x000022f7   Thumb Code    68  uart.o(.text)
    uart_tx_poll                             0x0000233b   Thumb Code    38  uart.o(.text)
    uart_tx_poll_string                      0x00002361   Thumb Code    50  uart.o(.text)
    uart_rx_poll                             0x00002393   Thumb Code    70  uart.o(.text)
    uart_init                                0x000023d9   Thumb Code   202  uart.o(.text)
    lcd_print_string                         0x000024b5   Thumb Code   324  fonts.o(.text)
    TIMER0A_Handler                          0x00002605   Thumb Code    26  interrupts.o(.text)
    TIMER0B_Handler                          0x0000261f   Thumb Code    20  interrupts.o(.text)
    TIMER1A_Handler                          0x00002633   Thumb Code    14  interrupts.o(.text)
    WDT0_Handler                             0x00002641   Thumb Code    10  interrupts.o(.text)
    ADC0SS2_Handler                          0x0000264b   Thumb Code    48  interrupts.o(.text)
    GPIOD_Handler                            0x0000267b   Thumb Code    22  interrupts.o(.text)
    rx_enable_interrupt                      0x000026c9   Thumb Code    98  wireless_driver.o(.text)
    wireless_init                            0x0000272b   Thumb Code    36  wireless_driver.o(.text)
    wireless_send                            0x0000274f   Thumb Code    68  wireless_driver.o(.text)
    wireless_get                             0x00002793   Thumb Code    38  wireless_driver.o(.text)
    wait                                     0x000027c9   Thumb Code    12  utils.o(.text)
    DisableInterrupts                        0x000027d5   Thumb Code     4  utils.o(.text)
    EnableInterrupts                         0x000027d9   Thumb Code     4  utils.o(.text)
    draw_line                                0x000027dd   Thumb Code    60  utils.o(.text)
    sw_is_pressed                            0x00002819   Thumb Code    80  utils.o(.text)
    btn_is_pressed                           0x00002869   Thumb Code    92  utils.o(.text)
    debounce_ps_press_up                     0x000028c5   Thumb Code    62  utils.o(.text)
    debounce_ps_press_down                   0x00002903   Thumb Code    62  utils.o(.text)
    debounce_ps_press_left                   0x00002941   Thumb Code    62  utils.o(.text)
    debounce_ps_press_right                  0x0000297f   Thumb Code    62  utils.o(.text)
    eeprom_write_team_info                   0x000029bd   Thumb Code   112  utils.o(.text)
    eeprom_read_team_info                    0x00002a2d   Thumb Code   176  utils.o(.text)
    eeprom_byte_write                        0x00002b59   Thumb Code   100  eeprom.o(.text)
    eeprom_byte_read                         0x00002bbd   Thumb Code   118  eeprom.o(.text)
    eeprom_init                              0x00002c33   Thumb Code   156  eeprom.o(.text)
    ft6x06_read_td_status                    0x00002d3b   Thumb Code    24  ft6x06.o(.text)
    ft6x06_read_x                            0x00002d53   Thumb Code    52  ft6x06.o(.text)
    ft6x06_read_y                            0x00002d87   Thumb Code    52  ft6x06.o(.text)
    ft6x06_init                              0x00002dbb   Thumb Code   156  ft6x06.o(.text)
    lp_io_set_pin                            0x00002e5d   Thumb Code    18  launchpad_io.o(.text)
    lp_io_clear_pin                          0x00002e6f   Thumb Code    18  launchpad_io.o(.text)
    lp_io_read_pin                           0x00002e81   Thumb Code    24  launchpad_io.o(.text)
    lp_io_init                               0x00002e99   Thumb Code   112  launchpad_io.o(.text)
    lcd_write_data_u16                       0x00002f87   Thumb Code    60  lcd.o(.text)
    lcd_set_pos                              0x00002fc3   Thumb Code    58  lcd.o(.text)
    lcd_clear_screen                         0x00002ffd   Thumb Code    52  lcd.o(.text)
    lcd_draw_image                           0x00003031   Thumb Code   184  lcd.o(.text)
    lcd_config_gpio                          0x000030e9   Thumb Code   222  lcd.o(.text)
    lcd_config_screen                        0x000031c7   Thumb Code   566  lcd.o(.text)
    ps2_initialize                           0x00003423   Thumb Code    14  ps2.o(.text)
    ps2_get_x                                0x00003431   Thumb Code     6  ps2.o(.text)
    ps2_get_y                                0x00003437   Thumb Code     6  ps2.o(.text)
    ps2_press_up                             0x0000343d   Thumb Code    18  ps2.o(.text)
    ps2_press_down                           0x0000344f   Thumb Code    18  ps2.o(.text)
    ps2_press_left                           0x00003461   Thumb Code    18  ps2.o(.text)
    ps2_press_right                          0x00003473   Thumb Code    18  ps2.o(.text)
    init_serial_debug                        0x00003495   Thumb Code    90  serial_debug.o(.text)
    serial_debug_rx                          0x000034ef   Thumb Code    46  serial_debug.o(.text)
    serial_debug_tx                          0x0000351d   Thumb Code    86  serial_debug.o(.text)
    fputc                                    0x00003573   Thumb Code    66  serial_debug.o(.text)
    fgetc                                    0x000035b5   Thumb Code    50  serial_debug.o(.text)
    UART0_Handler                            0x000035e7   Thumb Code   152  serial_debug.o(.text)
    spi_select_init                          0x00003699   Thumb Code    86  spi_select.o(.text)
    spi_select                               0x000036ef   Thumb Code    62  spi_select.o(.text)
    wait_uS_15                               0x00003735   Thumb Code    14  wireless.o(.text)
    wireless_send_32                         0x00003869   Thumb Code   302  wireless.o(.text)
    wireless_get_32                          0x00003997   Thumb Code   130  wireless.o(.text)
    wireless_configure_device                0x00003a19   Thumb Code   218  wireless.o(.text)
    wireless_initialize                      0x00003af3   Thumb Code   210  wireless.o(.text)
    wireless_test                            0x00003bc5   Thumb Code   156  wireless.o(.text)
    io_expander_byte_write                   0x00003e01   Thumb Code    82  mcp23017.o(.text)
    io_expander_byte_read                    0x00003e53   Thumb Code   100  mcp23017.o(.text)
    io_expander_set_pin                      0x00003eb7   Thumb Code    76  mcp23017.o(.text)
    io_expander_init                         0x00003f03   Thumb Code   102  mcp23017.o(.text)
    io_expander_clear_pin                    0x00003f69   Thumb Code    74  mcp23017.o(.text)
    io_expander_read_pin                     0x00003fb3   Thumb Code    54  mcp23017.o(.text)
    Reset_Handler                            0x00003fe9   Thumb Code     8  startup_tm4c123.o(.text)
    NMI_Handler                              0x00003ff1   Thumb Code     2  startup_tm4c123.o(.text)
    HardFault_Handler                        0x00003ff3   Thumb Code     2  startup_tm4c123.o(.text)
    MemManage_Handler                        0x00003ff5   Thumb Code     2  startup_tm4c123.o(.text)
    BusFault_Handler                         0x00003ff7   Thumb Code     2  startup_tm4c123.o(.text)
    UsageFault_Handler                       0x00003ff9   Thumb Code     2  startup_tm4c123.o(.text)
    SVC_Handler                              0x00003ffb   Thumb Code     2  startup_tm4c123.o(.text)
    DebugMon_Handler                         0x00003ffd   Thumb Code     2  startup_tm4c123.o(.text)
    PendSV_Handler                           0x00003fff   Thumb Code     2  startup_tm4c123.o(.text)
    SysTick_Handler                          0x00004001   Thumb Code     2  startup_tm4c123.o(.text)
    GPIOA_Handler                            0x00004003   Thumb Code     2  startup_tm4c123.o(.text)
    GPIOB_Handler                            0x00004005   Thumb Code     2  startup_tm4c123.o(.text)
    GPIOC_Handler                            0x00004007   Thumb Code     2  startup_tm4c123.o(.text)
    GPIOE_Handler                            0x0000400b   Thumb Code     2  startup_tm4c123.o(.text)
    UART1_Handler                            0x0000400f   Thumb Code     2  startup_tm4c123.o(.text)
    SSI0_Handler                             0x00004011   Thumb Code     2  startup_tm4c123.o(.text)
    I2C0_Handler                             0x00004013   Thumb Code     2  startup_tm4c123.o(.text)
    PMW0_FAULT_Handler                       0x00004015   Thumb Code     2  startup_tm4c123.o(.text)
    PWM0_0_Handler                           0x00004017   Thumb Code     2  startup_tm4c123.o(.text)
    PWM0_1_Handler                           0x00004019   Thumb Code     2  startup_tm4c123.o(.text)
    PWM0_2_Handler                           0x0000401b   Thumb Code     2  startup_tm4c123.o(.text)
    QEI0_Handler                             0x0000401d   Thumb Code     2  startup_tm4c123.o(.text)
    ADC0SS0_Handler                          0x0000401f   Thumb Code     2  startup_tm4c123.o(.text)
    ADC0SS1_Handler                          0x00004021   Thumb Code     2  startup_tm4c123.o(.text)
    ADC0SS3_Handler                          0x00004025   Thumb Code     2  startup_tm4c123.o(.text)
    TIMER1B_Handler                          0x0000402f   Thumb Code     2  startup_tm4c123.o(.text)
    TIMER2A_Handler                          0x00004031   Thumb Code     2  startup_tm4c123.o(.text)
    TIMER2B_Handler                          0x00004033   Thumb Code     2  startup_tm4c123.o(.text)
    COMP0_Handler                            0x00004035   Thumb Code     2  startup_tm4c123.o(.text)
    COMP1_Handler                            0x00004037   Thumb Code     2  startup_tm4c123.o(.text)
    COMP2_Handler                            0x00004039   Thumb Code     2  startup_tm4c123.o(.text)
    SYSCTL_Handler                           0x0000403b   Thumb Code     2  startup_tm4c123.o(.text)
    FLASH_Handler                            0x0000403d   Thumb Code     2  startup_tm4c123.o(.text)
    GPIOF_Handler                            0x0000403f   Thumb Code     2  startup_tm4c123.o(.text)
    GPIOG_Handler                            0x00004041   Thumb Code     2  startup_tm4c123.o(.text)
    GPIOH_Handler                            0x00004043   Thumb Code     2  startup_tm4c123.o(.text)
    UART2_Handler                            0x00004045   Thumb Code     2  startup_tm4c123.o(.text)
    SSI1_Handler                             0x00004047   Thumb Code     2  startup_tm4c123.o(.text)
    TIMER3A_Handler                          0x00004049   Thumb Code     2  startup_tm4c123.o(.text)
    TIMER3B_Handler                          0x0000404b   Thumb Code     2  startup_tm4c123.o(.text)
    I2C1_Handler                             0x0000404d   Thumb Code     2  startup_tm4c123.o(.text)
    QEI1_Handler                             0x0000404f   Thumb Code     2  startup_tm4c123.o(.text)
    CAN0_Handler                             0x00004051   Thumb Code     2  startup_tm4c123.o(.text)
    CAN1_Handler                             0x00004053   Thumb Code     2  startup_tm4c123.o(.text)
    CAN2_Handler                             0x00004055   Thumb Code     2  startup_tm4c123.o(.text)
    HIB_Handler                              0x00004057   Thumb Code     2  startup_tm4c123.o(.text)
    USB0_Handler                             0x00004059   Thumb Code     2  startup_tm4c123.o(.text)
    PWM0_3_Handler                           0x0000405b   Thumb Code     2  startup_tm4c123.o(.text)
    UDMA_Handler                             0x0000405d   Thumb Code     2  startup_tm4c123.o(.text)
    UDMAERR_Handler                          0x0000405f   Thumb Code     2  startup_tm4c123.o(.text)
    ADC1SS0_Handler                          0x00004061   Thumb Code     2  startup_tm4c123.o(.text)
    ADC1SS1_Handler                          0x00004063   Thumb Code     2  startup_tm4c123.o(.text)
    ADC1SS2_Handler                          0x00004065   Thumb Code     2  startup_tm4c123.o(.text)
    ADC1SS3_Handler                          0x00004067   Thumb Code     2  startup_tm4c123.o(.text)
    GPIOJ_Handler                            0x00004069   Thumb Code     2  startup_tm4c123.o(.text)
    GPIOK_Handler                            0x0000406b   Thumb Code     2  startup_tm4c123.o(.text)
    GPIOL_Handler                            0x0000406d   Thumb Code     2  startup_tm4c123.o(.text)
    SSI2_Handler                             0x0000406f   Thumb Code     2  startup_tm4c123.o(.text)
    SSI3_Handler                             0x00004071   Thumb Code     2  startup_tm4c123.o(.text)
    UART3_Handler                            0x00004073   Thumb Code     2  startup_tm4c123.o(.text)
    UART4_Handler                            0x00004075   Thumb Code     2  startup_tm4c123.o(.text)
    UART5_Handler                            0x00004077   Thumb Code     2  startup_tm4c123.o(.text)
    UART6_Handler                            0x00004079   Thumb Code     2  startup_tm4c123.o(.text)
    UART7_Handler                            0x0000407b   Thumb Code     2  startup_tm4c123.o(.text)
    I2C2_Handler                             0x0000407d   Thumb Code     2  startup_tm4c123.o(.text)
    I2C3_Handler                             0x0000407f   Thumb Code     2  startup_tm4c123.o(.text)
    TIMER4A_Handler                          0x00004081   Thumb Code     2  startup_tm4c123.o(.text)
    TIMER4B_Handler                          0x00004083   Thumb Code     2  startup_tm4c123.o(.text)
    TIMER5A_Handler                          0x00004085   Thumb Code     2  startup_tm4c123.o(.text)
    TIMER5B_Handler                          0x00004087   Thumb Code     2  startup_tm4c123.o(.text)
    WTIMER0A_Handler                         0x00004089   Thumb Code     2  startup_tm4c123.o(.text)
    WTIMER0B_Handler                         0x0000408b   Thumb Code     2  startup_tm4c123.o(.text)
    WTIMER1A_Handler                         0x0000408d   Thumb Code     2  startup_tm4c123.o(.text)
    WTIMER1B_Handler                         0x0000408f   Thumb Code     2  startup_tm4c123.o(.text)
    WTIMER2A_Handler                         0x00004091   Thumb Code     2  startup_tm4c123.o(.text)
    WTIMER2B_Handler                         0x00004093   Thumb Code     2  startup_tm4c123.o(.text)
    WTIMER3A_Handler                         0x00004095   Thumb Code     2  startup_tm4c123.o(.text)
    WTIMER3B_Handler                         0x00004097   Thumb Code     2  startup_tm4c123.o(.text)
    WTIMER4A_Handler                         0x00004099   Thumb Code     2  startup_tm4c123.o(.text)
    WTIMER4B_Handler                         0x0000409b   Thumb Code     2  startup_tm4c123.o(.text)
    WTIMER5A_Handler                         0x0000409d   Thumb Code     2  startup_tm4c123.o(.text)
    WTIMER5B_Handler                         0x0000409f   Thumb Code     2  startup_tm4c123.o(.text)
    FPU_Handler                              0x000040a1   Thumb Code     2  startup_tm4c123.o(.text)
    I2C4_Handler                             0x000040a3   Thumb Code     2  startup_tm4c123.o(.text)
    I2C5_Handler                             0x000040a5   Thumb Code     2  startup_tm4c123.o(.text)
    GPIOM_Handler                            0x000040a7   Thumb Code     2  startup_tm4c123.o(.text)
    GPION_Handler                            0x000040a9   Thumb Code     2  startup_tm4c123.o(.text)
    QEI2_Handler                             0x000040ab   Thumb Code     2  startup_tm4c123.o(.text)
    GPIOP0_Handler                           0x000040ad   Thumb Code     2  startup_tm4c123.o(.text)
    GPIOP1_Handler                           0x000040af   Thumb Code     2  startup_tm4c123.o(.text)
    GPIOP2_Handler                           0x000040b1   Thumb Code     2  startup_tm4c123.o(.text)
    GPIOP3_Handler                           0x000040b3   Thumb Code     2  startup_tm4c123.o(.text)
    GPIOP4_Handler                           0x000040b5   Thumb Code     2  startup_tm4c123.o(.text)
    GPIOP5_Handler                           0x000040b7   Thumb Code     2  startup_tm4c123.o(.text)
    GPIOP6_Handler                           0x000040b9   Thumb Code     2  startup_tm4c123.o(.text)
    GPIOP7_Handler                           0x000040bb   Thumb Code     2  startup_tm4c123.o(.text)
    GPIOQ0_Handler                           0x000040bd   Thumb Code     2  startup_tm4c123.o(.text)
    GPIOQ1_Handler                           0x000040bf   Thumb Code     2  startup_tm4c123.o(.text)
    GPIOQ2_Handler                           0x000040c1   Thumb Code     2  startup_tm4c123.o(.text)
    GPIOQ3_Handler                           0x000040c3   Thumb Code     2  startup_tm4c123.o(.text)
    GPIOQ4_Handler                           0x000040c5   Thumb Code     2  startup_tm4c123.o(.text)
    GPIOQ5_Handler                           0x000040c7   Thumb Code     2  startup_tm4c123.o(.text)
    GPIOQ6_Handler                           0x000040c9   Thumb Code     2  startup_tm4c123.o(.text)
    GPIOQ7_Handler                           0x000040cb   Thumb Code     2  startup_tm4c123.o(.text)
    GPIOR_Handler                            0x000040cd   Thumb Code     2  startup_tm4c123.o(.text)
    GPIOS_Handler                            0x000040cf   Thumb Code     2  startup_tm4c123.o(.text)
    PMW1_0_Handler                           0x000040d1   Thumb Code     2  startup_tm4c123.o(.text)
    PWM1_1_Handler                           0x000040d3   Thumb Code     2  startup_tm4c123.o(.text)
    PWM1_2_Handler                           0x000040d5   Thumb Code     2  startup_tm4c123.o(.text)
    PWM1_3_Handler                           0x000040d7   Thumb Code     2  startup_tm4c123.o(.text)
    PWM1_FAULT_Handler                       0x000040d9   Thumb Code     2  startup_tm4c123.o(.text)
    SystemCoreClockUpdate                    0x0000419b   Thumb Code   184  system_tm4c123.o(.text)
    SystemInit                               0x00004253   Thumb Code   112  system_tm4c123.o(.text)
    __aeabi_memcpy                           0x00004335   Thumb Code    36  memcpya.o(.text)
    __aeabi_memcpy4                          0x00004335   Thumb Code     0  memcpya.o(.text)
    __aeabi_memcpy8                          0x00004335   Thumb Code     0  memcpya.o(.text)
    __aeabi_dadd                             0x00004359   Thumb Code   322  dadd.o(.text)
    __aeabi_dsub                             0x0000449b   Thumb Code     6  dadd.o(.text)
    __aeabi_drsub                            0x000044a1   Thumb Code     6  dadd.o(.text)
    __aeabi_dmul                             0x000044a7   Thumb Code   228  dmul.o(.text)
    __aeabi_i2d                              0x0000458b   Thumb Code    34  dflti.o(.text)
    __aeabi_d2iz                             0x000045ad   Thumb Code    62  dfixi.o(.text)
    __aeabi_uidiv                            0x000045eb   Thumb Code     0  uidiv.o(.text)
    __aeabi_uidivmod                         0x000045eb   Thumb Code    44  uidiv.o(.text)
    __aeabi_llsl                             0x00004617   Thumb Code    30  llshl.o(.text)
    _ll_shift_l                              0x00004617   Thumb Code     0  llshl.o(.text)
    __aeabi_llsr                             0x00004635   Thumb Code    32  llushr.o(.text)
    _ll_ushift_r                             0x00004635   Thumb Code     0  llushr.o(.text)
    __aeabi_lasr                             0x00004655   Thumb Code    36  llsshr.o(.text)
    _ll_sshift_r                             0x00004655   Thumb Code     0  llsshr.o(.text)
    __I$use$fp                               0x00004679   Thumb Code     0  iusefp.o(.text)
    _double_round                            0x00004679   Thumb Code    26  depilogue.o(.text)
    _double_epilogue                         0x00004693   Thumb Code   156  depilogue.o(.text)
    __aeabi_cdrcmple                         0x00004731   Thumb Code    38  cdrcmple.o(.text)
    __scatterload                            0x00004759   Thumb Code    28  init.o(.text)
    __scatterload_rt2                        0x00004759   Thumb Code     0  init.o(.text)
    __decompress                             0x0000477d   Thumb Code     0  __dczerorl2.o(.text)
    __decompress1                            0x0000477d   Thumb Code    86  __dczerorl2.o(.text)
    __0printf$3                              0x000047d5   Thumb Code    22  printf3.o(i.__0printf$3)
    __1printf$3                              0x000047d5   Thumb Code     0  printf3.o(i.__0printf$3)
    __2printf                                0x000047d5   Thumb Code     0  printf3.o(i.__0printf$3)
    __0sprintf$3                             0x000047f5   Thumb Code    34  printf3.o(i.__0sprintf$3)
    __1sprintf$3                             0x000047f5   Thumb Code     0  printf3.o(i.__0sprintf$3)
    __2sprintf                               0x000047f5   Thumb Code     0  printf3.o(i.__0sprintf$3)
    __hardfp_floor                           0x00004821   Thumb Code   252  floor.o(i.__hardfp_floor)
    __scatterload_copy                       0x00004939   Thumb Code    14  handlers.o(i.__scatterload_copy)
    __scatterload_null                       0x00004947   Thumb Code     2  handlers.o(i.__scatterload_null)
    __scatterload_zeroinit                   0x00004949   Thumb Code    14  handlers.o(i.__scatterload_zeroinit)
    malloc                                   0x00004b1d   Thumb Code    92  malloc.o(i.malloc)
    sitkaSmall_12ptBitmaps                   0x00004b88   Data        4560  fonts.o(.constdata)
    imageBitmaps                             0x00005d58   Data        4862  lcd_images.o(.constdata)
    imageWidthPixels                         0x00007056   Data           1  lcd_images.o(.constdata)
    imageHeightPixels                        0x00007057   Data           1  lcd_images.o(.constdata)
    charmanderBitmaps                        0x00007058   Data         195  lcd_images.o(.constdata)
    charmanderWidthPixels                    0x0000711b   Data           1  lcd_images.o(.constdata)
    charmanderHeightPixels                   0x0000711c   Data           1  lcd_images.o(.constdata)
    squirtleBitmaps                          0x0000711d   Data         195  lcd_images.o(.constdata)
    squirtleWidthPixels                      0x000071e0   Data           1  lcd_images.o(.constdata)
    squirtleHeightPixels                     0x000071e1   Data           1  lcd_images.o(.constdata)
    pikachuBitmaps                           0x000071e2   Data         195  lcd_images.o(.constdata)
    pikachuWidthPixels                       0x000072a5   Data           1  lcd_images.o(.constdata)
    pikachuHeightPixels                      0x000072a6   Data           1  lcd_images.o(.constdata)
    sboxBitmaps                              0x000072a7   Data         650  lcd_images.o(.constdata)
    sboxWidthPixels                          0x00007531   Data           1  lcd_images.o(.constdata)
    sboxHeightPixels                         0x00007532   Data           1  lcd_images.o(.constdata)
    bullBitmaps                              0x00007533   Data          14  lcd_images.o(.constdata)
    bullWidthPixels                          0x00007541   Data           1  lcd_images.o(.constdata)
    bullHeightPixels                         0x00007542   Data           1  lcd_images.o(.constdata)
    Region$$Table$$Base                      0x00007630   Number         0  anon$$obj.o(Region$$Table)
    Region$$Table$$Limit                     0x00007650   Number         0  anon$$obj.o(Region$$Table)
    individual_1                             0x2000002c   Data          24  main.o(.data)
    individual_2                             0x20000044   Data          25  main.o(.data)
    group                                    0x2000005d   Data          16  main.o(.data)
    individual_1_id                          0x2000006d   Data           5  main.o(.data)
    individual_2_id                          0x20000072   Data           5  main.o(.data)
    ME                                       0x20000077   Data           1  main.o(.data)
    MY_POKEMON                               0x20000078   Data           1  main.o(.data)
    isWirelessGood                           0x20000079   Data           1  main.o(.data)
    isTurn                                   0x2000007a   Data           1  main.o(.data)
    w                                        0x20000100   Data           9  game_over.o(.data)
    l                                        0x20000109   Data          10  game_over.o(.data)
    ge                                       0x20000113   Data          10  game_over.o(.data)
    suc                                      0x2000014c   Data          11  growl_heal_move.o(.data)
    g                                        0x20000157   Data           6  growl_heal_move.o(.data)
    h                                        0x2000015d   Data           5  growl_heal_move.o(.data)
    u                                        0x20000162   Data           6  growl_heal_move.o(.data)
    ALERT_10MS                               0x20000195   Data           1  timers.o(.data)
    WIRELESS_RX_ALERT                        0x20000196   Data           1  wireless_driver.o(.data)
    PS2_X_DATA                               0x200001b2   Data           2  ps2.o(.data)
    PS2_Y_DATA                               0x200001b4   Data           2  ps2.o(.data)
    ALERT_NEW_ADC                            0x200001b6   Data           1  ps2.o(.data)
    wireless_error_messages                  0x200001bc   Data          24  wireless.o(.data)
    data                                     0x200001d4   Data           4  wireless.o(.data)
    reg                                      0x200001d8   Data           1  wireless.o(.data)
    SystemCoreClock                          0x200001dc   Data           4  system_tm4c123.o(.data)
    __stdout                                 0x200001e0   Data           4  stdout.o(.data)
    __microlib_freelist                      0x200001e4   Data           4  mvars.o(.data)
    __microlib_freelist_initialised          0x200001e8   Data           4  mvars.o(.data)
    SA                                       0x200001ec   Data          12  main.o(.bss)
    bite                                     0x200001f8   Data          12  main.o(.bss)
    OSA                                      0x20000204   Data          12  main.o(.bss)
    obite                                    0x20000210   Data          12  main.o(.bss)
    wireless_info                            0x2000021c   Data          16  wireless_driver.o(.bss)
    UART0_Tx_Buffer                          0x2000022c   Data          14  serial_debug.o(.bss)
    UART0_Rx_Buffer                          0x2000023a   Data          14  serial_debug.o(.bss)
    __heap_base                              0x20000248   Data           0  startup_tm4c123.o(HEAP)
    __heap_limit                             0x20000248   Data           0  startup_tm4c123.o(HEAP)
    __initial_sp                             0x20001248   Data           0  startup_tm4c123.o(STACK)



==============================================================================

Memory Map of the image

  Image Entry point : 0x00003fe9

  Load Region LR_1 (Base: 0x00000000, Size: 0x0000783c, Max: 0xffffffff, ABSOLUTE, COMPRESSED[0x00007720])

    Execution Region ER_RO (Base: 0x00000000, Size: 0x00007650, Max: 0xffffffff, ABSOLUTE)

    Base Addr    Size         Type   Attr      Idx    E Section Name        Object

    0x00000000   0x0000026c   Data   RO          962    RESET               startup_tm4c123.o
    0x0000026c   0x00000000   Code   RO          999  * .ARM.Collect$$$$00000000  mc_w.l(entry.o)
    0x0000026c   0x00000004   Code   RO         1304    .ARM.Collect$$$$00000001  mc_w.l(entry2.o)
    0x00000270   0x00000004   Code   RO         1307    .ARM.Collect$$$$00000004  mc_w.l(entry5.o)
    0x00000274   0x00000000   Code   RO         1309    .ARM.Collect$$$$00000008  mc_w.l(entry7b.o)
    0x00000274   0x00000000   Code   RO         1311    .ARM.Collect$$$$0000000A  mc_w.l(entry8b.o)
    0x00000274   0x00000008   Code   RO         1312    .ARM.Collect$$$$0000000B  mc_w.l(entry9a.o)
    0x0000027c   0x00000000   Code   RO         1314    .ARM.Collect$$$$0000000D  mc_w.l(entry10a.o)
    0x0000027c   0x00000000   Code   RO         1316    .ARM.Collect$$$$0000000F  mc_w.l(entry11a.o)
    0x0000027c   0x00000004   Code   RO         1305    .ARM.Collect$$$$00002712  mc_w.l(entry2.o)
    0x00000280   0x000007b4   Code   RO            3    .text               main.o
    0x00000a34   0x00000298   Code   RO          188    .text               pokemon_selection.o
    0x00000ccc   0x00000188   Code   RO          211    .text               player_selection.o
    0x00000e54   0x0000018c   Code   RO          234    .text               attack_move.o
    0x00000fe0   0x00000038   Code   RO          258    .text               battle_position.o
    0x00001018   0x000001bc   Code   RO          281    .text               choose_attack_move.o
    0x000011d4   0x000000d4   Code   RO          304    .text               choose_defense_move.o
    0x000012a8   0x00000194   Code   RO          327    .text               defense_move.o
    0x0000143c   0x000000bc   Code   RO          351    .text               fail_move.o
    0x000014f8   0x00000058   Code   RO          375    .text               game_over.o
    0x00001550   0x000000d4   Code   RO          399    .text               growl_heal_move.o
    0x00001624   0x000000ec   Code   RO          424    .text               pokemon.o
    0x00001710   0x0000012c   Code   RO          447    .text               waiting_room.o
    0x0000183c   0x000000d0   Code   RO          470    .text               adc.o
    0x0000190c   0x000002cc   Code   RO          494    .text               gpio_port.o
    0x00001bd8   0x00000208   Code   RO          514    .text               i2c.o
    0x00001de0   0x0000007c   Code   RO          532    .text               pc_buffer.o
    0x00001e5c   0x0000018c   Code   RO          549    .text               spi.o
    0x00001fe8   0x00000250   Code   RO          569    .text               timers.o
    0x00002238   0x0000027c   Code   RO          596    .text               uart.o
    0x000024b4   0x00000150   Code   RO          616    .text               fonts.o
    0x00002604   0x000000c4   Code   RO          646    .text               interrupts.o
    0x000026c8   0x00000100   Code   RO          667    .text               wireless_driver.o
    0x000027c8   0x0000034c   Code   RO          691    .text               utils.o
    0x00002b14   0x000001c0   Code   RO          724    .text               eeprom.o
    0x00002cd4   0x00000188   Code   RO          744    .text               ft6x06.o
    0x00002e5c   0x000000c4   Code   RO          764    .text               launchpad_io.o
    0x00002f20   0x000004e0   Code   RO          784    .text               lcd.o
    0x00003400   0x00000094   Code   RO          816    .text               ps2.o
    0x00003494   0x00000204   Code   RO          839    .text               serial_debug.o
    0x00003698   0x0000009c   Code   RO          871    .text               spi_select.o
    0x00003734   0x00000688   Code   RO          891    .text               wireless.o
    0x00003dbc   0x0000022c   Code   RO          942    .text               mcp23017.o
    0x00003fe8   0x000000fc   Code   RO          963  * .text               startup_tm4c123.o
    0x000040e4   0x00000250   Code   RO          969    .text               system_tm4c123.o
    0x00004334   0x00000024   Code   RO         1003    .text               mc_w.l(memcpya.o)
    0x00004358   0x0000014e   Code   RO         1296    .text               mf_w.l(dadd.o)
    0x000044a6   0x000000e4   Code   RO         1298    .text               mf_w.l(dmul.o)
    0x0000458a   0x00000022   Code   RO         1300    .text               mf_w.l(dflti.o)
    0x000045ac   0x0000003e   Code   RO         1302    .text               mf_w.l(dfixi.o)
    0x000045ea   0x0000002c   Code   RO         1318    .text               mc_w.l(uidiv.o)
    0x00004616   0x0000001e   Code   RO         1322    .text               mc_w.l(llshl.o)
    0x00004634   0x00000020   Code   RO         1324    .text               mc_w.l(llushr.o)
    0x00004654   0x00000024   Code   RO         1326    .text               mc_w.l(llsshr.o)
    0x00004678   0x00000000   Code   RO         1330    .text               mc_w.l(iusefp.o)
    0x00004678   0x000000b6   Code   RO         1331    .text               mf_w.l(depilogue.o)
    0x0000472e   0x00000002   PAD
    0x00004730   0x00000028   Code   RO         1337    .text               mf_w.l(cdrcmple.o)
    0x00004758   0x00000024   Code   RO         1339    .text               mc_w.l(init.o)
    0x0000477c   0x00000056   Code   RO         1349    .text               mc_w.l(__dczerorl2.o)
    0x000047d2   0x00000002   PAD
    0x000047d4   0x00000020   Code   RO         1096    i.__0printf$3       mc_w.l(printf3.o)
    0x000047f4   0x00000028   Code   RO         1098    i.__0sprintf$3      mc_w.l(printf3.o)
    0x0000481c   0x00000004   PAD
    0x00004820   0x00000118   Code   RO          993    i.__hardfp_floor    m_wm.l(floor.o)
    0x00004938   0x0000000e   Code   RO         1343    i.__scatterload_copy  mc_w.l(handlers.o)
    0x00004946   0x00000002   Code   RO         1344    i.__scatterload_null  mc_w.l(handlers.o)
    0x00004948   0x0000000e   Code   RO         1345    i.__scatterload_zeroinit  mc_w.l(handlers.o)
    0x00004956   0x00000002   PAD
    0x00004958   0x000001b8   Code   RO         1103    i._printf_core      mc_w.l(printf3.o)
    0x00004b10   0x0000000a   Code   RO         1105    i._sputc            mc_w.l(printf3.o)
    0x00004b1a   0x00000002   PAD
    0x00004b1c   0x0000006c   Code   RO         1269    i.malloc            mc_w.l(malloc.o)
    0x00004b88   0x000011d0   Data   RO          617    .constdata          fonts.o
    0x00005d58   0x000017eb   Data   RO          802    .constdata          lcd_images.o
    0x00007543   0x00000001   PAD
    0x00007544   0x0000006c   Data   RO            5    .conststring        main.o
    0x000075b0   0x0000007f   Data   RO          892    .conststring        wireless.o
    0x0000762f   0x00000001   PAD
    0x00007630   0x00000020   Data   RO         1341    Region$$Table       anon$$obj.o


    Execution Region ER_RW (Base: 0x20000000, Size: 0x000001ec, Max: 0xffffffff, ABSOLUTE, COMPRESSED[0x000000d0])

    Base Addr    Size         Type   Attr      Idx    E Section Name        Object

    0x20000000   0x0000007b   Data   RW            6    .data               main.o
    0x2000007b   0x00000001   PAD
    0x2000007c   0x0000002c   Data   RW          190    .data               pokemon_selection.o
    0x200000a8   0x0000002c   Data   RW          213    .data               player_selection.o
    0x200000d4   0x00000049   Data   RW          377    .data               game_over.o
    0x2000011d   0x00000003   PAD
    0x20000120   0x00000048   Data   RW          401    .data               growl_heal_move.o
    0x20000168   0x0000002d   Data   RW          449    .data               waiting_room.o
    0x20000195   0x00000001   Data   RW          570    .data               timers.o
    0x20000196   0x00000001   Data   RW          669    .data               wireless_driver.o
    0x20000197   0x00000001   PAD
    0x20000198   0x0000001a   Data   RW          692    .data               utils.o
    0x200001b2   0x00000005   Data   RW          817    .data               ps2.o
    0x200001b7   0x00000002   Data   RW          841    .data               serial_debug.o
    0x200001b9   0x00000003   PAD
    0x200001bc   0x0000001d   Data   RW          893    .data               wireless.o
    0x200001d9   0x00000003   PAD
    0x200001dc   0x00000004   Data   RW          970    .data               system_tm4c123.o
    0x200001e0   0x00000004   Data   RW         1002    .data               mc_w.l(stdout.o)
    0x200001e4   0x00000004   Data   RW         1328    .data               mc_w.l(mvars.o)
    0x200001e8   0x00000004   Data   RW         1329    .data               mc_w.l(mvars.o)


    Execution Region ER_ZI (Base: 0x200001ec, Size: 0x0000105c, Max: 0xffffffff, ABSOLUTE)

    Base Addr    Size         Type   Attr      Idx    E Section Name        Object

    0x200001ec   0x00000030   Zero   RW            4    .bss                main.o
    0x2000021c   0x00000010   Zero   RW          668    .bss                wireless_driver.o
    0x2000022c   0x0000001c   Zero   RW          840    .bss                serial_debug.o
    0x20000248   0x00000000   Zero   RW          961    HEAP                startup_tm4c123.o
    0x20000248   0x00001000   Zero   RW          960    STACK               startup_tm4c123.o


==============================================================================

Image component sizes


      Code (inc. data)   RO Data    RW Data    ZI Data      Debug   Object Name

       208         22          0          0          0      27816   adc.o
       396         26          0          0          0       1306   attack_move.o
        56          0          0          0          0        846   battle_position.o
       444         84          0          0          0       1264   choose_attack_move.o
       212         52          0          0          0       1033   choose_defense_move.o
       404         24          0          0          0       1327   defense_move.o
       448          6          0          0          0       1993   eeprom.o
       188         26          0          0          0       1212   fail_move.o
       336         12       4560          0          0       2004   fonts.o
       392          6          0          0          0       2112   ft6x06.o
        88         12          0         73          0       1264   game_over.o
       716         32          0          0          0       4874   gpio_port.o
       212         18          0         72          0       1630   growl_heal_move.o
       520         24          0          0          0       3465   i2c.o
       196         56          0          0          0       1734   interrupts.o
       196         24          0          0          0       1754   launchpad_io.o
      1248         24          0          0          0       3367   lcd.o
         0          0       6123          0          0       1434   lcd_images.o
      1972        512        108        123         48      41211   main.o
       556          0          0          0          0       3187   mcp23017.o
       124          0          0          0          0       1827   pc_buffer.o
       392         88          0         44          0        963   player_selection.o
       236         76          0          0          0       1363   pokemon.o
       664        150          0         44          0       1420   pokemon_selection.o
       148         16          0          5          0       2314   ps2.o
       516         26          0          2         28       5573   serial_debug.o
       396         24          0          0          0       1765   spi.o
       156          8          0          0          0        845   spi_select.o
       252         10        620          0       4096       5412   startup_tm4c123.o
       592        138          0          4          0       1485   system_tm4c123.o
       592         36          0          1          0      28995   timers.o
       636         50          0          0          0       3296   uart.o
       844         56          0         26          0       3497   utils.o
       300        106          0         45          0       1450   waiting_room.o
         0          0          0          0          0       1544   welcome_screen.o
      1672        204        127         29          0      12813   wireless.o
       256         16          0          1         16       2197   wireless_driver.o

    ----------------------------------------------------------------------
     16564       1964      11572        480       4188     181592   Object Totals
         0          0         32          0          0          0   (incl. Generated)
         0          0          2         11          0          0   (incl. Padding)

    ----------------------------------------------------------------------

      Code (inc. data)   RO Data    RW Data    ZI Data      Debug   Library Member Name

       280         28          0          0          0        156   floor.o
        86          0          0          0          0          0   __dczerorl2.o
         0          0          0          0          0          0   entry.o
         0          0          0          0          0          0   entry10a.o
         0          0          0          0          0          0   entry11a.o
         8          4          0          0          0          0   entry2.o
         4          0          0          0          0          0   entry5.o
         0          0          0          0          0          0   entry7b.o
         0          0          0          0          0          0   entry8b.o
         8          4          0          0          0          0   entry9a.o
        30          0          0          0          0          0   handlers.o
        36          8          0          0          0         68   init.o
         0          0          0          0          0          0   iusefp.o
        30          0          0          0          0         68   llshl.o
        36          0          0          0          0         68   llsshr.o
        32          0          0          0          0         68   llushr.o
       108         16          0          0          0         84   malloc.o
        36          0          0          0          0         68   memcpya.o
         0          0          0          8          0          0   mvars.o
       522         20          0          0          0        336   printf3.o
         0          0          0          4          0          0   stdout.o
        44          0          0          0          0         80   uidiv.o
        40          2          0          0          0         68   cdrcmple.o
       334          0          0          0          0        148   dadd.o
       182          0          0          0          0        176   depilogue.o
        62          0          0          0          0         80   dfixi.o
        34          0          0          0          0         76   dflti.o
       228          0          0          0          0         96   dmul.o

    ----------------------------------------------------------------------
      2152         86          0         12          0       1640   Library Totals
        12          4          0          0          0          0   (incl. Padding)

    ----------------------------------------------------------------------

      Code (inc. data)   RO Data    RW Data    ZI Data      Debug   Library Name

       280         28          0          0          0        156   m_wm.l
       980         52          0         12          0        840   mc_w.l
       880          2          0          0          0        644   mf_w.l

    ----------------------------------------------------------------------
      2152         86          0         12          0       1640   Library Totals

    ----------------------------------------------------------------------

==============================================================================


      Code (inc. data)   RO Data    RW Data    ZI Data      Debug   

     18716       2050      11572        492       4188     178036   Grand Totals
     18716       2050      11572        208       4188     178036   ELF Image Totals (compressed)
     18716       2050      11572        208          0          0   ROM Totals

==============================================================================

    Total RO  Size (Code + RO Data)                30288 (  29.58kB)
    Total RW  Size (RW Data + ZI Data)              4680 (   4.57kB)
    Total ROM Size (Code + RO Data + RW Data)      30496 (  29.78kB)

==============================================================================

